Archive member included to satisfy reference by file (symbol)

/Users/maciejtonderski/opt/gcc-arm-none-eabi-10-2020-q4-major/bin/../lib/gcc/arm-none-eabi/10.2.1/../../../../arm-none-eabi/lib/thumb/v7e-m+fp/hard/libc_nano.a(lib_a-exit.o)
                              /Users/maciejtonderski/opt/gcc-arm-none-eabi-10-2020-q4-major/bin/../lib/gcc/arm-none-eabi/10.2.1/../../../../arm-none-eabi/lib/thumb/v7e-m+fp/hard/crt0.o (exit)
/Users/maciejtonderski/opt/gcc-arm-none-eabi-10-2020-q4-major/bin/../lib/gcc/arm-none-eabi/10.2.1/../../../../arm-none-eabi/lib/thumb/v7e-m+fp/hard/libc_nano.a(lib_a-impure.o)
                              /Users/maciejtonderski/opt/gcc-arm-none-eabi-10-2020-q4-major/bin/../lib/gcc/arm-none-eabi/10.2.1/../../../../arm-none-eabi/lib/thumb/v7e-m+fp/hard/libc_nano.a(lib_a-exit.o) (_global_impure_ptr)
/Users/maciejtonderski/opt/gcc-arm-none-eabi-10-2020-q4-major/bin/../lib/gcc/arm-none-eabi/10.2.1/../../../../arm-none-eabi/lib/thumb/v7e-m+fp/hard/libc_nano.a(lib_a-init.o)
                              /Users/maciejtonderski/opt/gcc-arm-none-eabi-10-2020-q4-major/bin/../lib/gcc/arm-none-eabi/10.2.1/../../../../arm-none-eabi/lib/thumb/v7e-m+fp/hard/crt0.o (__libc_init_array)
/Users/maciejtonderski/opt/gcc-arm-none-eabi-10-2020-q4-major/bin/../lib/gcc/arm-none-eabi/10.2.1/../../../../arm-none-eabi/lib/thumb/v7e-m+fp/hard/libc_nano.a(lib_a-memset.o)
                              /Users/maciejtonderski/opt/gcc-arm-none-eabi-10-2020-q4-major/bin/../lib/gcc/arm-none-eabi/10.2.1/../../../../arm-none-eabi/lib/thumb/v7e-m+fp/hard/crt0.o (memset)
/Users/maciejtonderski/opt/gcc-arm-none-eabi-10-2020-q4-major/bin/../lib/gcc/arm-none-eabi/10.2.1/../../../../arm-none-eabi/lib/thumb/v7e-m+fp/hard/libc_nano.a(lib_a-printf.o)
                              build/main.o (printf)
/Users/maciejtonderski/opt/gcc-arm-none-eabi-10-2020-q4-major/bin/../lib/gcc/arm-none-eabi/10.2.1/../../../../arm-none-eabi/lib/thumb/v7e-m+fp/hard/libc_nano.a(lib_a-putchar.o)
                              build/main.o (putchar)
/Users/maciejtonderski/opt/gcc-arm-none-eabi-10-2020-q4-major/bin/../lib/gcc/arm-none-eabi/10.2.1/../../../../arm-none-eabi/lib/thumb/v7e-m+fp/hard/libc_nano.a(lib_a-puts.o)
                              build/main.o (puts)
/Users/maciejtonderski/opt/gcc-arm-none-eabi-10-2020-q4-major/bin/../lib/gcc/arm-none-eabi/10.2.1/../../../../arm-none-eabi/lib/thumb/v7e-m+fp/hard/libc_nano.a(lib_a-sprintf.o)
                              build/main.o (sprintf)
/Users/maciejtonderski/opt/gcc-arm-none-eabi-10-2020-q4-major/bin/../lib/gcc/arm-none-eabi/10.2.1/../../../../arm-none-eabi/lib/thumb/v7e-m+fp/hard/libc_nano.a(lib_a-strlen.o)
                              build/main.o (strlen)
/Users/maciejtonderski/opt/gcc-arm-none-eabi-10-2020-q4-major/bin/../lib/gcc/arm-none-eabi/10.2.1/../../../../arm-none-eabi/lib/thumb/v7e-m+fp/hard/libc_nano.a(lib_a-vsprintf.o)
                              build/main.o (vsprintf)
/Users/maciejtonderski/opt/gcc-arm-none-eabi-10-2020-q4-major/bin/../lib/gcc/arm-none-eabi/10.2.1/../../../../arm-none-eabi/lib/thumb/v7e-m+fp/hard/libc_nano.a(lib_a-wbuf.o)
                              /Users/maciejtonderski/opt/gcc-arm-none-eabi-10-2020-q4-major/bin/../lib/gcc/arm-none-eabi/10.2.1/../../../../arm-none-eabi/lib/thumb/v7e-m+fp/hard/libc_nano.a(lib_a-puts.o) (__swbuf_r)
/Users/maciejtonderski/opt/gcc-arm-none-eabi-10-2020-q4-major/bin/../lib/gcc/arm-none-eabi/10.2.1/../../../../arm-none-eabi/lib/thumb/v7e-m+fp/hard/libc_nano.a(lib_a-wsetup.o)
                              /Users/maciejtonderski/opt/gcc-arm-none-eabi-10-2020-q4-major/bin/../lib/gcc/arm-none-eabi/10.2.1/../../../../arm-none-eabi/lib/thumb/v7e-m+fp/hard/libc_nano.a(lib_a-puts.o) (__swsetup_r)
/Users/maciejtonderski/opt/gcc-arm-none-eabi-10-2020-q4-major/bin/../lib/gcc/arm-none-eabi/10.2.1/../../../../arm-none-eabi/lib/thumb/v7e-m+fp/hard/libc_nano.a(lib_a-fflush.o)
                              /Users/maciejtonderski/opt/gcc-arm-none-eabi-10-2020-q4-major/bin/../lib/gcc/arm-none-eabi/10.2.1/../../../../arm-none-eabi/lib/thumb/v7e-m+fp/hard/libc_nano.a(lib_a-wbuf.o) (_fflush_r)
/Users/maciejtonderski/opt/gcc-arm-none-eabi-10-2020-q4-major/bin/../lib/gcc/arm-none-eabi/10.2.1/../../../../arm-none-eabi/lib/thumb/v7e-m+fp/hard/libc_nano.a(lib_a-findfp.o)
                              /Users/maciejtonderski/opt/gcc-arm-none-eabi-10-2020-q4-major/bin/../lib/gcc/arm-none-eabi/10.2.1/../../../../arm-none-eabi/lib/thumb/v7e-m+fp/hard/libc_nano.a(lib_a-printf.o) (__sinit)
/Users/maciejtonderski/opt/gcc-arm-none-eabi-10-2020-q4-major/bin/../lib/gcc/arm-none-eabi/10.2.1/../../../../arm-none-eabi/lib/thumb/v7e-m+fp/hard/libc_nano.a(lib_a-fwalk.o)
                              /Users/maciejtonderski/opt/gcc-arm-none-eabi-10-2020-q4-major/bin/../lib/gcc/arm-none-eabi/10.2.1/../../../../arm-none-eabi/lib/thumb/v7e-m+fp/hard/libc_nano.a(lib_a-findfp.o) (_fwalk)
[...]
Memory Configuration

Name             Origin             Length             Attributes
RAM              0x0000000020000000 0x0000000000020000 xrw
FLASH            0x0000000008000000 0x0000000000080000 xr
*default*        0x0000000000000000 0xffffffffffffffff

Linker script and memory map

LOAD /Users/maciejtonderski/opt/gcc-arm-none-eabi-10-2020-q4-major/bin/../lib/gcc/arm-none-eabi/10.2.1/thumb/v7e-m+fp/hard/crti.o
LOAD /Users/maciejtonderski/opt/gcc-arm-none-eabi-10-2020-q4-major/bin/../lib/gcc/arm-none-eabi/10.2.1/thumb/v7e-m+fp/hard/crtbegin.o
LOAD /Users/maciejtonderski/opt/gcc-arm-none-eabi-10-2020-q4-major/bin/../lib/gcc/arm-none-eabi/10.2.1/../../../../arm-none-eabi/lib/thumb/v7e-m+fp/hard/crt0.o
LOAD build/main.o
LOAD build/stm32f4xx_it.o
LOAD build/stm32f4xx_hal_msp.o
LOAD build/stm32f4xx_hal_i2c.o
LOAD build/stm32f4xx_hal_i2c_ex.o
LOAD build/stm32f4xx_hal_rcc.o
LOAD build/stm32f4xx_hal_rcc_ex.o
LOAD build/stm32f4xx_hal_flash.o
LOAD build/stm32f4xx_hal_flash_ex.o
LOAD build/stm32f4xx_hal_flash_ramfunc.o
LOAD build/stm32f4xx_hal_gpio.o
LOAD build/stm32f4xx_hal_dma_ex.o
LOAD build/stm32f4xx_hal_dma.o
LOAD build/stm32f4xx_hal_pwr.o
LOAD build/stm32f4xx_hal_pwr_ex.o
LOAD build/stm32f4xx_hal_cortex.o
LOAD build/stm32f4xx_hal.o
LOAD build/stm32f4xx_hal_exti.o
LOAD build/stm32f4xx_hal_tim.o
LOAD build/stm32f4xx_hal_tim_ex.o
LOAD build/stm32f4xx_hal_uart.o
LOAD build/system_stm32f4xx.o
LOAD build/stm32f4xx_hal_spi.o
LOAD build/ADXL345.o
LOAD build/startup_stm32f411xe.o
LOAD /Users/maciejtonderski/opt/gcc-arm-none-eabi-10-2020-q4-major/bin/../lib/gcc/arm-none-eabi/10.2.1/../../../../arm-none-eabi/lib/thumb/v7e-m+fp/hard/libc_nano.a
LOAD /Users/maciejtonderski/opt/gcc-arm-none-eabi-10-2020-q4-major/bin/../lib/gcc/arm-none-eabi/10.2.1/../../../../arm-none-eabi/lib/thumb/v7e-m+fp/hard/libm.a
LOAD /Users/maciejtonderski/opt/gcc-arm-none-eabi-10-2020-q4-major/bin/../lib/gcc/arm-none-eabi/10.2.1/../../../../arm-none-eabi/lib/thumb/v7e-m+fp/hard/libnosys.a
START GROUP
LOAD /Users/maciejtonderski/opt/gcc-arm-none-eabi-10-2020-q4-major/bin/../lib/gcc/arm-none-eabi/10.2.1/thumb/v7e-m+fp/hard/libgcc.a
LOAD /Users/maciejtonderski/opt/gcc-arm-none-eabi-10-2020-q4-major/bin/../lib/gcc/arm-none-eabi/10.2.1/../../../../arm-none-eabi/lib/thumb/v7e-m+fp/hard/libc_nano.a
END GROUP
START GROUP
LOAD /Users/maciejtonderski/opt/gcc-arm-none-eabi-10-2020-q4-major/bin/../lib/gcc/arm-none-eabi/10.2.1/thumb/v7e-m+fp/hard/libgcc.a
LOAD /Users/maciejtonderski/opt/gcc-arm-none-eabi-10-2020-q4-major/bin/../lib/gcc/arm-none-eabi/10.2.1/../../../../arm-none-eabi/lib/thumb/v7e-m+fp/hard/libc_nano.a
END GROUP
LOAD /Users/maciejtonderski/opt/gcc-arm-none-eabi-10-2020-q4-major/bin/../lib/gcc/arm-none-eabi/10.2.1/thumb/v7e-m+fp/hard/crtend.o
LOAD /Users/maciejtonderski/opt/gcc-arm-none-eabi-10-2020-q4-major/bin/../lib/gcc/arm-none-eabi/10.2.1/thumb/v7e-m+fp/hard/crtn.o
                0x0000000020020000                _estack = 0x20020000
                0x0000000000000200                _Min_Heap_Size = 0x200
                0x0000000000000400                _Min_Stack_Size = 0x400

.isr_vector     0x0000000008000000      0x198
                0x0000000008000000                . = ALIGN (0x4)
 *(.isr_vector)
 .isr_vector    0x0000000008000000      0x198 build/startup_stm32f411xe.o
                0x0000000008000000                g_pfnVectors
                0x0000000008000198                . = ALIGN (0x4)

.text           0x00000000080001a0     0x440c
                0x00000000080001a0                . = ALIGN (0x4)
 *(.text)
 .text          0x00000000080001a0       0x40 /Users/maciejtonderski/opt/gcc-arm-none-eabi-10-2020-q4-major/bin/../lib/gcc/arm-none-eabi/10.2.1/thumb/v7e-m+fp/hard/crtbegin.o
 .text          0x00000000080001e0       0x10 /Users/maciejtonderski/opt/gcc-arm-none-eabi-10-2020-q4-major/bin/../lib/gcc/arm-none-eabi/10.2.1/../../../../arm-none-eabi/lib/thumb/v7e-m+fp/hard/libc_nano.a(lib_a-strlen.o)
                0x00000000080001e0                strlen
 .text          0x00000000080001f0       0xa0 /Users/maciejtonderski/opt/gcc-arm-none-eabi-10-2020-q4-major/bin/../lib/gcc/arm-none-eabi/10.2.1/../../../../arm-none-eabi/lib/thumb/v7e-m+fp/hard/libc_nano.a(lib_a-memchr.o)
                0x00000000080001f0                memchr
 .text          0x0000000008000290       0x30 /Users/maciejtonderski/opt/gcc-arm-none-eabi-10-2020-q4-major/bin/../lib/gcc/arm-none-eabi/10.2.1/thumb/v7e-m+fp/hard/libgcc.a(_aeabi_uldivmod.o)
                0x0000000008000290                __aeabi_uldivmod
 .text          0x00000000080002c0      0x2d0 /Users/maciejtonderski/opt/gcc-arm-none-eabi-10-2020-q4-major/bin/../lib/gcc/arm-none-eabi/10.2.1/thumb/v7e-m+fp/hard/libgcc.a(_udivmoddi4.o)
                0x00000000080002c0                __udivmoddi4
 .text          0x0000000008000590        0x4 /Users/maciejtonderski/opt/gcc-arm-none-eabi-10-2020-q4-major/bin/../lib/gcc/arm-none-eabi/10.2.1/thumb/v7e-m+fp/hard/libgcc.a(_dvmd_tls.o)
                0x0000000008000590                __aeabi_ldiv0
                0x0000000008000590                __aeabi_idiv0
 *(.text*)
 .text.lcd16x2_i2c_sendCommand
                0x0000000008000594       0x50 build/main.o
 .text.lcd16x2_i2c_sendData
                0x00000000080005e4       0x50 build/main.o
 .text.MX_GPIO_Init
                0x0000000008000634       0x8c build/main.o
 .text.lcd16x2_i2c_init
                0x00000000080006c0       0xc0 build/main.o
                0x00000000080006c0                lcd16x2_i2c_init
 .text.lcd16x2_i2c_printf
                0x0000000008000780       0x40 build/main.o
                0x0000000008000780                lcd16x2_i2c_printf
 .text.quarterNote
                0x00000000080007c0       0x18 build/main.o
                0x00000000080007c0                quarterNote
 .text.eighthNote
                0x00000000080007d8       0x18 build/main.o
                0x00000000080007d8                eighthNote
 .text.refrain  0x00000000080007f0       0x18 build/main.o
                0x00000000080007f0                refrain
 .text.firstTact
                0x0000000008000808        0xc build/main.o
                0x0000000008000808                firstTact
 .text.secondTact
                0x0000000008000814       0x10 build/main.o
                0x0000000008000814                secondTact
 .text.playRythm
                0x0000000008000824       0x14 build/main.o
                0x0000000008000824                playRythm
 .text.playDelay
                0x0000000008000838       0x58 build/main.o
                0x0000000008000838                playDelay
 .text.listen_for_rythm
                0x0000000008000890      0x148 build/main.o
                0x0000000008000890                listen_for_rythm
 .text.Error_Handler
                0x00000000080009d8        0x4 build/main.o
                0x00000000080009d8                Error_Handler
 .text.MX_I2C1_Init
                0x00000000080009dc       0x38 build/main.o
 .text.MX_USART2_UART_Init
                0x0000000008000a14       0x34 build/main.o
 .text.MX_SPI1_Init
                0x0000000008000a48       0x44 build/main.o
 .text.SystemClock_Config
                0x0000000008000a8c       0xa0 build/main.o
                0x0000000008000a8c                SystemClock_Config
 .text.main     0x0000000008000b2c      0x1b8 build/main.o
                0x0000000008000b2c                main
 .text.NMI_Handler
                0x0000000008000ce4        0x2 build/stm32f4xx_it.o
                0x0000000008000ce4                NMI_Handler
 .text.HardFault_Handler
                0x0000000008000ce6        0x2 build/stm32f4xx_it.o
                0x0000000008000ce6                HardFault_Handler
 .text.MemManage_Handler
                0x0000000008000ce8        0x2 build/stm32f4xx_it.o
                0x0000000008000ce8                MemManage_Handler
 .text.BusFault_Handler
                0x0000000008000cea        0x2 build/stm32f4xx_it.o
                0x0000000008000cea                BusFault_Handler
 .text.UsageFault_Handler
                0x0000000008000cec        0x2 build/stm32f4xx_it.o
                0x0000000008000cec                UsageFault_Handler
 .text.SVC_Handler
                0x0000000008000cee        0x2 build/stm32f4xx_it.o
                0x0000000008000cee                SVC_Handler
 .text.DebugMon_Handler
                0x0000000008000cf0        0x2 build/stm32f4xx_it.o
                0x0000000008000cf0                DebugMon_Handler
 .text.PendSV_Handler
                0x0000000008000cf2        0x2 build/stm32f4xx_it.o
                0x0000000008000cf2                PendSV_Handler
 .text.SysTick_Handler
                0x0000000008000cf4        0x8 build/stm32f4xx_it.o
                0x0000000008000cf4                SysTick_Handler
 .text.HAL_MspInit
                0x0000000008000cfc       0x38 build/stm32f4xx_hal_msp.o
                0x0000000008000cfc                HAL_MspInit
 .text.HAL_I2C_MspInit
                0x0000000008000d34       0x74 build/stm32f4xx_hal_msp.o
                0x0000000008000d34                HAL_I2C_MspInit
 .text.HAL_SPI_MspInit
                0x0000000008000da8       0x70 build/stm32f4xx_hal_msp.o
                0x0000000008000da8                HAL_SPI_MspInit
 .text.HAL_UART_MspInit
                0x0000000008000e18       0x70 build/stm32f4xx_hal_msp.o
                0x0000000008000e18                HAL_UART_MspInit
 .text.I2C_IsAcknowledgeFailed
                0x0000000008000e88       0x32 build/stm32f4xx_hal_i2c.o
 .text.I2C_WaitOnFlagUntilTimeout
                0x0000000008000eba       0x7c build/stm32f4xx_hal_i2c.o
 .text.I2C_WaitOnMasterAddressFlagUntilTimeout
                0x0000000008000f36       0xaa build/stm32f4xx_hal_i2c.o
 .text.I2C_MasterRequestWrite
                0x0000000008000fe0       0xb4 build/stm32f4xx_hal_i2c.o
 .text.I2C_MasterRequestRead
                0x0000000008001094      0x120 build/stm32f4xx_hal_i2c.o
 .text.I2C_WaitOnTXEFlagUntilTimeout
                0x00000000080011b4       0x54 build/stm32f4xx_hal_i2c.o
 .text.I2C_WaitOnBTFFlagUntilTimeout
                0x0000000008001208       0x54 build/stm32f4xx_hal_i2c.o
 .text.I2C_WaitOnRXNEFlagUntilTimeout
                0x000000000800125c       0x6a build/stm32f4xx_hal_i2c.o
 *fill*         0x00000000080012c6        0x2 
 .text.HAL_I2C_Init
                0x00000000080012c8      0x1bc build/stm32f4xx_hal_i2c.o
                0x00000000080012c8                HAL_I2C_Init
 .text.HAL_I2C_Master_Transmit
                0x0000000008001484      0x178 build/stm32f4xx_hal_i2c.o
                0x0000000008001484                HAL_I2C_Master_Transmit
 .text.HAL_I2C_Master_Receive
                0x00000000080015fc      0x2e8 build/stm32f4xx_hal_i2c.o
                0x00000000080015fc                HAL_I2C_Master_Receive
 .text.HAL_I2C_IsDeviceReady
                0x00000000080018e4      0x194 build/stm32f4xx_hal_i2c.o
                0x00000000080018e4                HAL_I2C_IsDeviceReady
 .text.HAL_RCC_OscConfig
                0x0000000008001a78      0x3ec build/stm32f4xx_hal_rcc.o
                0x0000000008001a78                HAL_RCC_OscConfig
 .text.HAL_RCC_GetSysClockFreq
                0x0000000008001e64       0xd4 build/stm32f4xx_hal_rcc.o
                0x0000000008001e64                HAL_RCC_GetSysClockFreq
 .text.HAL_RCC_ClockConfig
                0x0000000008001f38      0x160 build/stm32f4xx_hal_rcc.o
                0x0000000008001f38                HAL_RCC_ClockConfig
 .text.HAL_RCC_GetHCLKFreq
                0x0000000008002098        0xc build/stm32f4xx_hal_rcc.o
                0x0000000008002098                HAL_RCC_GetHCLKFreq
 .text.HAL_RCC_GetPCLK1Freq
                0x00000000080020a4       0x20 build/stm32f4xx_hal_rcc.o
                0x00000000080020a4                HAL_RCC_GetPCLK1Freq
 .text.HAL_RCC_GetPCLK2Freq
                0x00000000080020c4       0x20 build/stm32f4xx_hal_rcc.o
                0x00000000080020c4                HAL_RCC_GetPCLK2Freq
 .text.HAL_GPIO_Init
                0x00000000080020e4      0x1ac build/stm32f4xx_hal_gpio.o
                0x00000000080020e4                HAL_GPIO_Init
 .text.HAL_GPIO_WritePin
                0x0000000008002290        0xc build/stm32f4xx_hal_gpio.o
                0x0000000008002290                HAL_GPIO_WritePin
 .text.HAL_GPIO_TogglePin
                0x000000000800229c       0x12 build/stm32f4xx_hal_gpio.o
                0x000000000800229c                HAL_GPIO_TogglePin
 *fill*         0x00000000080022ae        0x2 
 .text.HAL_NVIC_SetPriorityGrouping
                0x00000000080022b0       0x24 build/stm32f4xx_hal_cortex.o
                0x00000000080022b0                HAL_NVIC_SetPriorityGrouping
 .text.HAL_NVIC_SetPriority
                0x00000000080022d4       0x70 build/stm32f4xx_hal_cortex.o
                0x00000000080022d4                HAL_NVIC_SetPriority
 .text.HAL_SYSTICK_Config
                0x0000000008002344       0x28 build/stm32f4xx_hal_cortex.o
                0x0000000008002344                HAL_SYSTICK_Config
 .text.HAL_InitTick
                0x000000000800236c       0x4c build/stm32f4xx_hal.o
                0x000000000800236c                HAL_InitTick
 .text.HAL_Init
                0x00000000080023b8       0x34 build/stm32f4xx_hal.o
                0x00000000080023b8                HAL_Init
 .text.HAL_IncTick
                0x00000000080023ec       0x18 build/stm32f4xx_hal.o
                0x00000000080023ec                HAL_IncTick
 .text.HAL_GetTick
                0x0000000008002404        0xc build/stm32f4xx_hal.o
                0x0000000008002404                HAL_GetTick
 .text.HAL_Delay
                0x0000000008002410       0x28 build/stm32f4xx_hal.o
                0x0000000008002410                HAL_Delay
 .text.UART_SetConfig
                0x0000000008002438      0x1d4 build/stm32f4xx_hal_uart.o
 .text.UART_WaitOnFlagUntilTimeout
                0x000000000800260c       0x6c build/stm32f4xx_hal_uart.o
 .text.HAL_UART_Init
                0x0000000008002678       0x5e build/stm32f4xx_hal_uart.o
                0x0000000008002678                HAL_UART_Init
 .text.HAL_UART_Transmit
                0x00000000080026d6       0xe0 build/stm32f4xx_hal_uart.o
                0x00000000080026d6                HAL_UART_Transmit
 *fill*         0x00000000080027b6        0x2 
 .text.SystemInit
                0x00000000080027b8       0x1c build/system_stm32f4xx.o
                0x00000000080027b8                SystemInit
 .text.SPI_WaitFlagStateUntilTimeout
                0x00000000080027d4       0x98 build/stm32f4xx_hal_spi.o
 .text.SPI_EndRxTxTransaction
                0x000000000800286c       0x68 build/stm32f4xx_hal_spi.o
 .text.SPI_EndRxTransaction
                0x00000000080028d4       0x8c build/stm32f4xx_hal_spi.o
 .text.HAL_SPI_Init
                0x0000000008002960       0x80 build/stm32f4xx_hal_spi.o
                0x0000000008002960                HAL_SPI_Init
 .text.HAL_SPI_Transmit
                0x00000000080029e0      0x1ae build/stm32f4xx_hal_spi.o
                0x00000000080029e0                HAL_SPI_Transmit
 .text.HAL_SPI_TransmitReceive
                0x0000000008002b8e      0x238 build/stm32f4xx_hal_spi.o
                0x0000000008002b8e                HAL_SPI_TransmitReceive
 .text.HAL_SPI_Receive
                0x0000000008002dc6      0x176 build/stm32f4xx_hal_spi.o
                0x0000000008002dc6                HAL_SPI_Receive
 .text.constrain
                0x0000000008002f3c       0x14 build/ADXL345.o
 .text.writeToI2C
                0x0000000008002f50       0x22 build/ADXL345.o
 .text.writeToSPI
                0x0000000008002f72       0x3a build/ADXL345.o
 .text.writeTo  0x0000000008002fac       0x12 build/ADXL345.o
 .text.readFromI2C
                0x0000000008002fbe       0x42 build/ADXL345.o
 .text.readFromSPI
                0x0000000008003000       0x50 build/ADXL345.o
 .text.readFrom
                0x0000000008003050       0x12 build/ADXL345.o
 .text.setRegisterBit
                0x0000000008003062       0x48 build/ADXL345.o
 *fill*         0x00000000080030aa        0x2 
 .text.ADXL345_SPI
                0x00000000080030ac       0x4c build/ADXL345.o
                0x00000000080030ac                ADXL345_SPI
 .text.ADXL345powerOn
                0x00000000080030f8       0x22 build/ADXL345.o
                0x00000000080030f8                ADXL345powerOn
 .text.ADXL345readAccel_x_y_z
                0x000000000800311a       0x3a build/ADXL345.o
                0x000000000800311a                ADXL345readAccel_x_y_z
 .text.ADXL345setRangeSetting
                0x0000000008003154       0x4a build/ADXL345.o
                0x0000000008003154                ADXL345setRangeSetting
 .text.ADXL345setSpiBit
                0x000000000800319e        0xe build/ADXL345.o
                0x000000000800319e                ADXL345setSpiBit
 .text.ADXL345setTapThreshold
                0x00000000080031ac       0x18 build/ADXL345.o
                0x00000000080031ac                ADXL345setTapThreshold
 .text.ADXL345setTapDuration
                0x00000000080031c4       0x18 build/ADXL345.o
                0x00000000080031c4                ADXL345setTapDuration
 .text.ADXL345setDoubleTapLatency
                0x00000000080031dc        0xc build/ADXL345.o
                0x00000000080031dc                ADXL345setDoubleTapLatency
 .text.ADXL345setDoubleTapWindow
                0x00000000080031e8       0x18 build/ADXL345.o
                0x00000000080031e8                ADXL345setDoubleTapWindow
 .text.ADXL345setActivityThreshold
                0x0000000008003200       0x18 build/ADXL345.o
                0x0000000008003200                ADXL345setActivityThreshold
 .text.ADXL345setInactivityThreshold
                0x0000000008003218       0x18 build/ADXL345.o
                0x0000000008003218                ADXL345setInactivityThreshold
 .text.ADXL345setTimeInactivity
                0x0000000008003230       0x18 build/ADXL345.o
                0x0000000008003230                ADXL345setTimeInactivity
 .text.ADXL345setFreeFallThreshold
                0x0000000008003248       0x18 build/ADXL345.o
                0x0000000008003248                ADXL345setFreeFallThreshold
 .text.ADXL345setFreeFallDuration
                0x0000000008003260       0x18 build/ADXL345.o
                0x0000000008003260                ADXL345setFreeFallDuration
 .text.ADXL345setActivityX
                0x0000000008003278        0xe build/ADXL345.o
                0x0000000008003278                ADXL345setActivityX
 .text.ADXL345setActivityY
                0x0000000008003286        0xe build/ADXL345.o
                0x0000000008003286                ADXL345setActivityY
 .text.ADXL345setActivityZ
                0x0000000008003294        0xe build/ADXL345.o
                0x0000000008003294                ADXL345setActivityZ
 .text.ADXL345setActivityXYZ
                0x00000000080032a2       0x1e build/ADXL345.o
                0x00000000080032a2                ADXL345setActivityXYZ
 .text.ADXL345setInactivityX
                0x00000000080032c0        0xe build/ADXL345.o
                0x00000000080032c0                ADXL345setInactivityX
 .text.ADXL345setInactivityY
                0x00000000080032ce        0xe build/ADXL345.o
                0x00000000080032ce                ADXL345setInactivityY
 .text.ADXL345setInactivityZ
                0x00000000080032dc        0xe build/ADXL345.o
                0x00000000080032dc                ADXL345setInactivityZ
 .text.ADXL345setInactivityXYZ
                0x00000000080032ea       0x1e build/ADXL345.o
                0x00000000080032ea                ADXL345setInactivityXYZ
 .text.ADXL345setTapDetectionOnX
                0x0000000008003308        0xe build/ADXL345.o
                0x0000000008003308                ADXL345setTapDetectionOnX
 .text.ADXL345setTapDetectionOnY
                0x0000000008003316        0xe build/ADXL345.o
                0x0000000008003316                ADXL345setTapDetectionOnY
 .text.ADXL345setTapDetectionOnZ
                0x0000000008003324        0xe build/ADXL345.o
                0x0000000008003324                ADXL345setTapDetectionOnZ
 .text.ADXL345setTapDetectionOnXYZ
                0x0000000008003332       0x1e build/ADXL345.o
                0x0000000008003332                ADXL345setTapDetectionOnXYZ
 .text.ADXL345setInterrupt
                0x0000000008003350        0xe build/ADXL345.o
                0x0000000008003350                ADXL345setInterrupt
 .text.ADXL345singleTapINT
                0x000000000800335e       0x18 build/ADXL345.o
                0x000000000800335e                ADXL345singleTapINT
 .text.ADXL345doubleTapINT
                0x0000000008003376       0x18 build/ADXL345.o
                0x0000000008003376                ADXL345doubleTapINT
 .text.ADXL345FreeFallINT
                0x000000000800338e       0x18 build/ADXL345.o
                0x000000000800338e                ADXL345FreeFallINT
 .text.ADXL345ActivityINT
                0x00000000080033a6       0x18 build/ADXL345.o
                0x00000000080033a6                ADXL345ActivityINT
 .text.ADXL345InactivityINT
                0x00000000080033be       0x18 build/ADXL345.o
                0x00000000080033be                ADXL345InactivityINT
 *fill*         0x00000000080033d6        0x2 
 .text.Reset_Handler
                0x00000000080033d8       0x50 build/startup_stm32f411xe.o
                0x00000000080033d8                Reset_Handler
 .text.Default_Handler
                0x0000000008003428        0x2 build/startup_stm32f411xe.o
                0x0000000008003428                DMA1_Stream3_IRQHandler
                0x0000000008003428                EXTI2_IRQHandler
                0x0000000008003428                SPI4_IRQHandler
                0x0000000008003428                TIM1_CC_IRQHandler
                0x0000000008003428                DMA2_Stream5_IRQHandler
                0x0000000008003428                DMA1_Stream5_IRQHandler
                0x0000000008003428                PVD_IRQHandler
                0x0000000008003428                SDIO_IRQHandler
                0x0000000008003428                TAMP_STAMP_IRQHandler
                0x0000000008003428                EXTI3_IRQHandler
                0x0000000008003428                TIM1_UP_TIM10_IRQHandler
                0x0000000008003428                I2C3_ER_IRQHandler
                0x0000000008003428                EXTI0_IRQHandler
                0x0000000008003428                I2C2_EV_IRQHandler
                0x0000000008003428                DMA1_Stream2_IRQHandler
                0x0000000008003428                FPU_IRQHandler
                0x0000000008003428                DMA2_Stream2_IRQHandler
                0x0000000008003428                SPI1_IRQHandler
                0x0000000008003428                TIM1_BRK_TIM9_IRQHandler
                0x0000000008003428                DMA2_Stream3_IRQHandler
                0x0000000008003428                USART6_IRQHandler
                0x0000000008003428                DMA2_Stream0_IRQHandler
                0x0000000008003428                TIM4_IRQHandler
                0x0000000008003428                I2C1_EV_IRQHandler
                0x0000000008003428                DMA1_Stream6_IRQHandler
                0x0000000008003428                DMA1_Stream1_IRQHandler
                0x0000000008003428                TIM3_IRQHandler
                0x0000000008003428                RCC_IRQHandler
                0x0000000008003428                Default_Handler
                0x0000000008003428                EXTI15_10_IRQHandler
                0x0000000008003428                ADC_IRQHandler
                0x0000000008003428                DMA1_Stream7_IRQHandler
                0x0000000008003428                SPI5_IRQHandler
                0x0000000008003428                TIM5_IRQHandler
                0x0000000008003428                DMA2_Stream7_IRQHandler
                0x0000000008003428                I2C3_EV_IRQHandler
                0x0000000008003428                EXTI9_5_IRQHandler
                0x0000000008003428                RTC_WKUP_IRQHandler
                0x0000000008003428                SPI2_IRQHandler
                0x0000000008003428                DMA1_Stream0_IRQHandler
                0x0000000008003428                EXTI4_IRQHandler
                0x0000000008003428                WWDG_IRQHandler
                0x0000000008003428                TIM2_IRQHandler
                0x0000000008003428                OTG_FS_WKUP_IRQHandler
                0x0000000008003428                TIM1_TRG_COM_TIM11_IRQHandler
                0x0000000008003428                EXTI1_IRQHandler
                0x0000000008003428                USART2_IRQHandler
                0x0000000008003428                I2C2_ER_IRQHandler
                0x0000000008003428                DMA2_Stream1_IRQHandler
                0x0000000008003428                FLASH_IRQHandler
                0x0000000008003428                DMA2_Stream4_IRQHandler
                0x0000000008003428                USART1_IRQHandler
                0x0000000008003428                OTG_FS_IRQHandler
                0x0000000008003428                SPI3_IRQHandler
                0x0000000008003428                DMA1_Stream4_IRQHandler
                0x0000000008003428                I2C1_ER_IRQHandler
                0x0000000008003428                DMA2_Stream6_IRQHandler
                0x0000000008003428                RTC_Alarm_IRQHandler
 *fill*         0x000000000800342a        0x2 
 .text.__libc_init_array
                0x000000000800342c       0x48 /Users/maciejtonderski/opt/gcc-arm-none-eabi-10-2020-q4-major/bin/../lib/gcc/arm-none-eabi/10.2.1/../../../../arm-none-eabi/lib/thumb/v7e-m+fp/hard/libc_nano.a(lib_a-init.o)
                0x000000000800342c                __libc_init_array
 .text.memset   0x0000000008003474       0x10 /Users/maciejtonderski/opt/gcc-arm-none-eabi-10-2020-q4-major/bin/../lib/gcc/arm-none-eabi/10.2.1/../../../../arm-none-eabi/lib/thumb/v7e-m+fp/hard/libc_nano.a(lib_a-memset.o)
                0x0000000008003474                memset
 .text._puts_r  0x0000000008003484       0xdc /Users/maciejtonderski/opt/gcc-arm-none-eabi-10-2020-q4-major/bin/../lib/gcc/arm-none-eabi/10.2.1/../../../../arm-none-eabi/lib/thumb/v7e-m+fp/hard/libc_nano.a(lib_a-puts.o)
                0x0000000008003484                _puts_r
 .text.puts     0x0000000008003560       0x10 /Users/maciejtonderski/opt/gcc-arm-none-eabi-10-2020-q4-major/bin/../lib/gcc/arm-none-eabi/10.2.1/../../../../arm-none-eabi/lib/thumb/v7e-m+fp/hard/libc_nano.a(lib_a-puts.o)
                0x0000000008003560                puts
 .text.sprintf  0x0000000008003570       0x40 /Users/maciejtonderski/opt/gcc-arm-none-eabi-10-2020-q4-major/bin/../lib/gcc/arm-none-eabi/10.2.1/../../../../arm-none-eabi/lib/thumb/v7e-m+fp/hard/libc_nano.a(lib_a-sprintf.o)
                0x0000000008003570                sprintf
                0x0000000008003570                siprintf
 .text._vsprintf_r
                0x00000000080035b0       0x2c /Users/maciejtonderski/opt/gcc-arm-none-eabi-10-2020-q4-major/bin/../lib/gcc/arm-none-eabi/10.2.1/../../../../arm-none-eabi/lib/thumb/v7e-m+fp/hard/libc_nano.a(lib_a-vsprintf.o)
                0x00000000080035b0                _vsiprintf_r
                0x00000000080035b0                _vsprintf_r
 .text.vsprintf
                0x00000000080035dc       0x14 /Users/maciejtonderski/opt/gcc-arm-none-eabi-10-2020-q4-major/bin/../lib/gcc/arm-none-eabi/10.2.1/../../../../arm-none-eabi/lib/thumb/v7e-m+fp/hard/libc_nano.a(lib_a-vsprintf.o)
                0x00000000080035dc                vsprintf
                0x00000000080035dc                vsiprintf
 .text.__swbuf_r
                0x00000000080035f0       0xa4 /Users/maciejtonderski/opt/gcc-arm-none-eabi-10-2020-q4-major/bin/../lib/gcc/arm-none-eabi/10.2.1/../../../../arm-none-eabi/lib/thumb/v7e-m+fp/hard/libc_nano.a(lib_a-wbuf.o)
                0x00000000080035f0                __swbuf_r
 .text.__swsetup_r
                0x0000000008003694       0xdc /Users/maciejtonderski/opt/gcc-arm-none-eabi-10-2020-q4-major/bin/../lib/gcc/arm-none-eabi/10.2.1/../../../../arm-none-eabi/lib/thumb/v7e-m+fp/hard/libc_nano.a(lib_a-wsetup.o)
                0x0000000008003694                __swsetup_r
 .text.__sflush_r
                0x0000000008003770      0x10c /Users/maciejtonderski/opt/gcc-arm-none-eabi-10-2020-q4-major/bin/../lib/gcc/arm-none-eabi/10.2.1/../../../../arm-none-eabi/lib/thumb/v7e-m+fp/hard/libc_nano.a(lib_a-fflush.o)
                0x0000000008003770                __sflush_r
 .text._fflush_r
                0x000000000800387c       0x78 /Users/maciejtonderski/opt/gcc-arm-none-eabi-10-2020-q4-major/bin/../lib/gcc/arm-none-eabi/10.2.1/../../../../arm-none-eabi/lib/thumb/v7e-m+fp/hard/libc_nano.a(lib_a-fflush.o)
                0x000000000800387c                _fflush_r
 .text.std      0x00000000080038f4       0x48 /Users/maciejtonderski/opt/gcc-arm-none-eabi-10-2020-q4-major/bin/../lib/gcc/arm-none-eabi/10.2.1/../../../../arm-none-eabi/lib/thumb/v7e-m+fp/hard/libc_nano.a(lib_a-findfp.o)
 .text._cleanup_r
                0x000000000800393c        0xc /Users/maciejtonderski/opt/gcc-arm-none-eabi-10-2020-q4-major/bin/../lib/gcc/arm-none-eabi/10.2.1/../../../../arm-none-eabi/lib/thumb/v7e-m+fp/hard/libc_nano.a(lib_a-findfp.o)
                0x000000000800393c                _cleanup_r
 .text.__sfmoreglue
                0x0000000008003948       0x2c /Users/maciejtonderski/opt/gcc-arm-none-eabi-10-2020-q4-major/bin/../lib/gcc/arm-none-eabi/10.2.1/../../../../arm-none-eabi/lib/thumb/v7e-m+fp/hard/libc_nano.a(lib_a-findfp.o)
                0x0000000008003948                __sfmoreglue
 .text.__sfp_lock_acquire
                0x0000000008003974        0xc /Users/maciejtonderski/opt/gcc-arm-none-eabi-10-2020-q4-major/bin/../lib/gcc/arm-none-eabi/10.2.1/../../../../arm-none-eabi/lib/thumb/v7e-m+fp/hard/libc_nano.a(lib_a-findfp.o)
                0x0000000008003974                __sfp_lock_acquire
 .text.__sfp_lock_release
                0x0000000008003980        0xc /Users/maciejtonderski/opt/gcc-arm-none-eabi-10-2020-q4-major/bin/../lib/gcc/arm-none-eabi/10.2.1/../../../../arm-none-eabi/lib/thumb/v7e-m+fp/hard/libc_nano.a(lib_a-findfp.o)
                0x0000000008003980                __sfp_lock_release
 .text.__sinit_lock_acquire
                0x000000000800398c        0xc /Users/maciejtonderski/opt/gcc-arm-none-eabi-10-2020-q4-major/bin/../lib/gcc/arm-none-eabi/10.2.1/../../../../arm-none-eabi/lib/thumb/v7e-m+fp/hard/libc_nano.a(lib_a-findfp.o)
                0x000000000800398c                __sinit_lock_acquire
 .text.__sinit_lock_release
                0x0000000008003998        0xc /Users/maciejtonderski/opt/gcc-arm-none-eabi-10-2020-q4-major/bin/../lib/gcc/arm-none-eabi/10.2.1/../../../../arm-none-eabi/lib/thumb/v7e-m+fp/hard/libc_nano.a(lib_a-findfp.o)
                0x0000000008003998                __sinit_lock_release
 .text.__sinit  0x00000000080039a4       0x70 /Users/maciejtonderski/opt/gcc-arm-none-eabi-10-2020-q4-major/bin/../lib/gcc/arm-none-eabi/10.2.1/../../../../arm-none-eabi/lib/thumb/v7e-m+fp/hard/libc_nano.a(lib_a-findfp.o)
                0x00000000080039a4                __sinit
 .text.__sfp    0x0000000008003a14       0x8c /Users/maciejtonderski/opt/gcc-arm-none-eabi-10-2020-q4-major/bin/../lib/gcc/arm-none-eabi/10.2.1/../../../../arm-none-eabi/lib/thumb/v7e-m+fp/hard/libc_nano.a(lib_a-findfp.o)
                0x0000000008003a14                __sfp
 .text._fwalk_reent
                0x0000000008003aa0       0x3e /Users/maciejtonderski/opt/gcc-arm-none-eabi-10-2020-q4-major/bin/../lib/gcc/arm-none-eabi/10.2.1/../../../../arm-none-eabi/lib/thumb/v7e-m+fp/hard/libc_nano.a(lib_a-fwalk.o)
                0x0000000008003aa0                _fwalk_reent
 .text.__retarget_lock_init_recursive
                0x0000000008003ade        0x2 /Users/maciejtonderski/opt/gcc-arm-none-eabi-10-2020-q4-major/bin/../lib/gcc/arm-none-eabi/10.2.1/../../../../arm-none-eabi/lib/thumb/v7e-m+fp/hard/libc_nano.a(lib_a-lock.o)
                0x0000000008003ade                __retarget_lock_init_recursive
 .text.__retarget_lock_acquire_recursive
                0x0000000008003ae0        0x2 /Users/maciejtonderski/opt/gcc-arm-none-eabi-10-2020-q4-major/bin/../lib/gcc/arm-none-eabi/10.2.1/../../../../arm-none-eabi/lib/thumb/v7e-m+fp/hard/libc_nano.a(lib_a-lock.o)
                0x0000000008003ae0                __retarget_lock_acquire_recursive
 .text.__retarget_lock_release_recursive
                0x0000000008003ae2        0x2 /Users/maciejtonderski/opt/gcc-arm-none-eabi-10-2020-q4-major/bin/../lib/gcc/arm-none-eabi/10.2.1/../../../../arm-none-eabi/lib/thumb/v7e-m+fp/hard/libc_nano.a(lib_a-lock.o)
                0x0000000008003ae2                __retarget_lock_release_recursive
 .text.__swhatbuf_r
                0x0000000008003ae4       0x4a /Users/maciejtonderski/opt/gcc-arm-none-eabi-10-2020-q4-major/bin/../lib/gcc/arm-none-eabi/10.2.1/../../../../arm-none-eabi/lib/thumb/v7e-m+fp/hard/libc_nano.a(lib_a-makebuf.o)
                0x0000000008003ae4                __swhatbuf_r
 *fill*         0x0000000008003b2e        0x2 
 .text.__smakebuf_r
                0x0000000008003b30       0x80 /Users/maciejtonderski/opt/gcc-arm-none-eabi-10-2020-q4-major/bin/../lib/gcc/arm-none-eabi/10.2.1/../../../../arm-none-eabi/lib/thumb/v7e-m+fp/hard/libc_nano.a(lib_a-makebuf.o)
                0x0000000008003b30                __smakebuf_r
 .text._free_r  0x0000000008003bb0       0x98 /Users/maciejtonderski/opt/gcc-arm-none-eabi-10-2020-q4-major/bin/../lib/gcc/arm-none-eabi/10.2.1/../../../../arm-none-eabi/lib/thumb/v7e-m+fp/hard/libc_nano.a(lib_a-nano-freer.o)
                0x0000000008003bb0                _free_r
 .text._malloc_r
                0x0000000008003c48       0xb4 /Users/maciejtonderski/opt/gcc-arm-none-eabi-10-2020-q4-major/bin/../lib/gcc/arm-none-eabi/10.2.1/../../../../arm-none-eabi/lib/thumb/v7e-m+fp/hard/libc_nano.a(lib_a-nano-mallocr.o)
                0x0000000008003c48                _malloc_r
 .text.__ssputs_r
                0x0000000008003cfc       0xb6 /Users/maciejtonderski/opt/gcc-arm-none-eabi-10-2020-q4-major/bin/../lib/gcc/arm-none-eabi/10.2.1/../../../../arm-none-eabi/lib/thumb/v7e-m+fp/hard/libc_nano.a(lib_a-nano-svfprintf.o)
                0x0000000008003cfc                __ssputs_r
 *fill*         0x0000000008003db2        0x2 
 .text._svfprintf_r
                0x0000000008003db4      0x200 /Users/maciejtonderski/opt/gcc-arm-none-eabi-10-2020-q4-major/bin/../lib/gcc/arm-none-eabi/10.2.1/../../../../arm-none-eabi/lib/thumb/v7e-m+fp/hard/libc_nano.a(lib_a-nano-svfprintf.o)
                0x0000000008003db4                _svfprintf_r
                0x0000000008003db4                _svfiprintf_r
 .text._printf_common
                0x0000000008003fb4       0xda /Users/maciejtonderski/opt/gcc-arm-none-eabi-10-2020-q4-major/bin/../lib/gcc/arm-none-eabi/10.2.1/../../../../arm-none-eabi/lib/thumb/v7e-m+fp/hard/libc_nano.a(lib_a-nano-vfprintf_i.o)
                0x0000000008003fb4                _printf_common
 *fill*         0x000000000800408e        0x2 
 .text._printf_i
                0x0000000008004090      0x24c /Users/maciejtonderski/opt/gcc-arm-none-eabi-10-2020-q4-major/bin/../lib/gcc/arm-none-eabi/10.2.1/../../../../arm-none-eabi/lib/thumb/v7e-m+fp/hard/libc_nano.a(lib_a-nano-vfprintf_i.o)
                0x0000000008004090                _printf_i
 .text._sbrk_r  0x00000000080042dc       0x20 /Users/maciejtonderski/opt/gcc-arm-none-eabi-10-2020-q4-major/bin/../lib/gcc/arm-none-eabi/10.2.1/../../../../arm-none-eabi/lib/thumb/v7e-m+fp/hard/libc_nano.a(lib_a-sbrkr.o)
                0x00000000080042dc                _sbrk_r
 .text.__sread  0x00000000080042fc       0x22 /Users/maciejtonderski/opt/gcc-arm-none-eabi-10-2020-q4-major/bin/../lib/gcc/arm-none-eabi/10.2.1/../../../../arm-none-eabi/lib/thumb/v7e-m+fp/hard/libc_nano.a(lib_a-stdio.o)
                0x00000000080042fc                __sread
 .text.__swrite
                0x000000000800431e       0x38 /Users/maciejtonderski/opt/gcc-arm-none-eabi-10-2020-q4-major/bin/../lib/gcc/arm-none-eabi/10.2.1/../../../../arm-none-eabi/lib/thumb/v7e-m+fp/hard/libc_nano.a(lib_a-stdio.o)
                0x000000000800431e                __swrite
 .text.__sseek  0x0000000008004356       0x24 /Users/maciejtonderski/opt/gcc-arm-none-eabi-10-2020-q4-major/bin/../lib/gcc/arm-none-eabi/10.2.1/../../../../arm-none-eabi/lib/thumb/v7e-m+fp/hard/libc_nano.a(lib_a-stdio.o)
                0x0000000008004356                __sseek
 .text.__sclose
                0x000000000800437a        0x8 /Users/maciejtonderski/opt/gcc-arm-none-eabi-10-2020-q4-major/bin/../lib/gcc/arm-none-eabi/10.2.1/../../../../arm-none-eabi/lib/thumb/v7e-m+fp/hard/libc_nano.a(lib_a-stdio.o)
                0x000000000800437a                __sclose
 *fill*         0x0000000008004382        0x2 
 .text._write_r
                0x0000000008004384       0x24 /Users/maciejtonderski/opt/gcc-arm-none-eabi-10-2020-q4-major/bin/../lib/gcc/arm-none-eabi/10.2.1/../../../../arm-none-eabi/lib/thumb/v7e-m+fp/hard/libc_nano.a(lib_a-writer.o)
                0x0000000008004384                _write_r
 .text._close_r
                0x00000000080043a8       0x20 /Users/maciejtonderski/opt/gcc-arm-none-eabi-10-2020-q4-major/bin/../lib/gcc/arm-none-eabi/10.2.1/../../../../arm-none-eabi/lib/thumb/v7e-m+fp/hard/libc_nano.a(lib_a-closer.o)
                0x00000000080043a8                _close_r
 .text._fstat_r
                0x00000000080043c8       0x24 /Users/maciejtonderski/opt/gcc-arm-none-eabi-10-2020-q4-major/bin/../lib/gcc/arm-none-eabi/10.2.1/../../../../arm-none-eabi/lib/thumb/v7e-m+fp/hard/libc_nano.a(lib_a-fstatr.o)
                0x00000000080043c8                _fstat_r
 .text._isatty_r
                0x00000000080043ec       0x20 /Users/maciejtonderski/opt/gcc-arm-none-eabi-10-2020-q4-major/bin/../lib/gcc/arm-none-eabi/10.2.1/../../../../arm-none-eabi/lib/thumb/v7e-m+fp/hard/libc_nano.a(lib_a-isattyr.o)
                0x00000000080043ec                _isatty_r
 .text._lseek_r
                0x000000000800440c       0x24 /Users/maciejtonderski/opt/gcc-arm-none-eabi-10-2020-q4-major/bin/../lib/gcc/arm-none-eabi/10.2.1/../../../../arm-none-eabi/lib/thumb/v7e-m+fp/hard/libc_nano.a(lib_a-lseekr.o)
                0x000000000800440c                _lseek_r
 .text.memcpy   0x0000000008004430       0x1c /Users/maciejtonderski/opt/gcc-arm-none-eabi-10-2020-q4-major/bin/../lib/gcc/arm-none-eabi/10.2.1/../../../../arm-none-eabi/lib/thumb/v7e-m+fp/hard/libc_nano.a(lib_a-memcpy-stub.o)
                0x0000000008004430                memcpy
 .text.memmove  0x000000000800444c       0x34 /Users/maciejtonderski/opt/gcc-arm-none-eabi-10-2020-q4-major/bin/../lib/gcc/arm-none-eabi/10.2.1/../../../../arm-none-eabi/lib/thumb/v7e-m+fp/hard/libc_nano.a(lib_a-memmove.o)
                0x000000000800444c                memmove
 .text.__malloc_lock
                0x0000000008004480        0xc /Users/maciejtonderski/opt/gcc-arm-none-eabi-10-2020-q4-major/bin/../lib/gcc/arm-none-eabi/10.2.1/../../../../arm-none-eabi/lib/thumb/v7e-m+fp/hard/libc_nano.a(lib_a-mlock.o)
                0x0000000008004480                __malloc_lock
 .text.__malloc_unlock
                0x000000000800448c        0xc /Users/maciejtonderski/opt/gcc-arm-none-eabi-10-2020-q4-major/bin/../lib/gcc/arm-none-eabi/10.2.1/../../../../arm-none-eabi/lib/thumb/v7e-m+fp/hard/libc_nano.a(lib_a-mlock.o)
                0x000000000800448c                __malloc_unlock
 .text._realloc_r
                0x0000000008004498       0x4c /Users/maciejtonderski/opt/gcc-arm-none-eabi-10-2020-q4-major/bin/../lib/gcc/arm-none-eabi/10.2.1/../../../../arm-none-eabi/lib/thumb/v7e-m+fp/hard/libc_nano.a(lib_a-nano-reallocr.o)
                0x0000000008004498                _realloc_r
 .text._read_r  0x00000000080044e4       0x24 /Users/maciejtonderski/opt/gcc-arm-none-eabi-10-2020-q4-major/bin/../lib/gcc/arm-none-eabi/10.2.1/../../../../arm-none-eabi/lib/thumb/v7e-m+fp/hard/libc_nano.a(lib_a-readr.o)
                0x00000000080044e4                _read_r
 .text._malloc_usable_size_r
                0x0000000008004508       0x10 /Users/maciejtonderski/opt/gcc-arm-none-eabi-10-2020-q4-major/bin/../lib/gcc/arm-none-eabi/10.2.1/../../../../arm-none-eabi/lib/thumb/v7e-m+fp/hard/libc_nano.a(lib_a-nano-msizer.o)
                0x0000000008004508                _malloc_usable_size_r
 .text._close   0x0000000008004518       0x10 /Users/maciejtonderski/opt/gcc-arm-none-eabi-10-2020-q4-major/bin/../lib/gcc/arm-none-eabi/10.2.1/../../../../arm-none-eabi/lib/thumb/v7e-m+fp/hard/libnosys.a(close.o)
                0x0000000008004518                _close
 .text._fstat   0x0000000008004528       0x10 /Users/maciejtonderski/opt/gcc-arm-none-eabi-10-2020-q4-major/bin/../lib/gcc/arm-none-eabi/10.2.1/../../../../arm-none-eabi/lib/thumb/v7e-m+fp/hard/libnosys.a(fstat.o)
                0x0000000008004528                _fstat
 .text._isatty  0x0000000008004538       0x10 /Users/maciejtonderski/opt/gcc-arm-none-eabi-10-2020-q4-major/bin/../lib/gcc/arm-none-eabi/10.2.1/../../../../arm-none-eabi/lib/thumb/v7e-m+fp/hard/libnosys.a(isatty.o)
                0x0000000008004538                _isatty
 .text._lseek   0x0000000008004548       0x10 /Users/maciejtonderski/opt/gcc-arm-none-eabi-10-2020-q4-major/bin/../lib/gcc/arm-none-eabi/10.2.1/../../../../arm-none-eabi/lib/thumb/v7e-m+fp/hard/libnosys.a(lseek.o)
                0x0000000008004548                _lseek
 .text._read    0x0000000008004558       0x10 /Users/maciejtonderski/opt/gcc-arm-none-eabi-10-2020-q4-major/bin/../lib/gcc/arm-none-eabi/10.2.1/../../../../arm-none-eabi/lib/thumb/v7e-m+fp/hard/libnosys.a(read.o)
                0x0000000008004558                _read
 .text._sbrk    0x0000000008004568       0x1c /Users/maciejtonderski/opt/gcc-arm-none-eabi-10-2020-q4-major/bin/../lib/gcc/arm-none-eabi/10.2.1/../../../../arm-none-eabi/lib/thumb/v7e-m+fp/hard/libnosys.a(sbrk.o)
                0x0000000008004568                _sbrk
 .text._write   0x0000000008004584       0x10 /Users/maciejtonderski/opt/gcc-arm-none-eabi-10-2020-q4-major/bin/../lib/gcc/arm-none-eabi/10.2.1/../../../../arm-none-eabi/lib/thumb/v7e-m+fp/hard/libnosys.a(write.o)
                0x0000000008004584                _write
 *(.glue_7)
 .glue_7        0x0000000008004594        0x0 linker stubs
 *(.glue_7t)
 .glue_7t       0x0000000008004594        0x0 linker stubs
 *(.eh_frame)
 .eh_frame      0x0000000008004594        0x0 /Users/maciejtonderski/opt/gcc-arm-none-eabi-10-2020-q4-major/bin/../lib/gcc/arm-none-eabi/10.2.1/thumb/v7e-m+fp/hard/crtbegin.o
 *(.init)
 .init          0x0000000008004594        0x4 /Users/maciejtonderski/opt/gcc-arm-none-eabi-10-2020-q4-major/bin/../lib/gcc/arm-none-eabi/10.2.1/thumb/v7e-m+fp/hard/crti.o
                0x0000000008004594                _init
 .init          0x0000000008004598        0x8 /Users/maciejtonderski/opt/gcc-arm-none-eabi-10-2020-q4-major/bin/../lib/gcc/arm-none-eabi/10.2.1/thumb/v7e-m+fp/hard/crtn.o
 *(.fini)
 .fini          0x00000000080045a0        0x4 /Users/maciejtonderski/opt/gcc-arm-none-eabi-10-2020-q4-major/bin/../lib/gcc/arm-none-eabi/10.2.1/thumb/v7e-m+fp/hard/crti.o
                0x00000000080045a0                _fini
 .fini          0x00000000080045a4        0x8 /Users/maciejtonderski/opt/gcc-arm-none-eabi-10-2020-q4-major/bin/../lib/gcc/arm-none-eabi/10.2.1/thumb/v7e-m+fp/hard/crtn.o
                0x00000000080045ac                . = ALIGN (0x4)
                0x00000000080045ac                _etext = .

.vfp11_veneer   0x00000000080045ac        0x0
 .vfp11_veneer  0x00000000080045ac        0x0 linker stubs

.v4_bx          0x00000000080045ac        0x0
 .v4_bx         0x00000000080045ac        0x0 linker stubs

.iplt           0x00000000080045ac        0x0
 .iplt          0x00000000080045ac        0x0 /Users/maciejtonderski/opt/gcc-arm-none-eabi-10-2020-q4-major/bin/../lib/gcc/arm-none-eabi/10.2.1/thumb/v7e-m+fp/hard/crtbegin.o

.rodata         0x00000000080045ac      0x168
                0x00000000080045ac                . = ALIGN (0x4)
 *(.rodata)
 *(.rodata*)
 .rodata.playDelay.str1.4
                0x00000000080045ac        0x0 build/main.o
                                          0x6 (size before relaxing)
 .rodata.listen_for_rythm.str1.4
                0x00000000080045ac       0x40 build/main.o
 .rodata.scanI2C.str1.4
                0x00000000080045ec       0x3d build/main.o
 *fill*         0x0000000008004629        0x3 
 .rodata.main.str1.4
                0x000000000800462c       0x36 build/main.o
 *fill*         0x0000000008004662        0x2 
 .rodata.AHBPrescTable
                0x0000000008004664       0x10 build/system_stm32f4xx.o
                0x0000000008004664                AHBPrescTable
 .rodata.APBPrescTable
                0x0000000008004674        0x8 build/system_stm32f4xx.o
                0x0000000008004674                APBPrescTable
 .rodata._global_impure_ptr
                0x000000000800467c        0x4 /Users/maciejtonderski/opt/gcc-arm-none-eabi-10-2020-q4-major/bin/../lib/gcc/arm-none-eabi/10.2.1/../../../../arm-none-eabi/lib/thumb/v7e-m+fp/hard/libc_nano.a(lib_a-impure.o)
                0x000000000800467c                _global_impure_ptr
 .rodata.__sf_fake_stderr
                0x0000000008004680       0x20 /Users/maciejtonderski/opt/gcc-arm-none-eabi-10-2020-q4-major/bin/../lib/gcc/arm-none-eabi/10.2.1/../../../../arm-none-eabi/lib/thumb/v7e-m+fp/hard/libc_nano.a(lib_a-findfp.o)
                0x0000000008004680                __sf_fake_stderr
 .rodata.__sf_fake_stdin
                0x00000000080046a0       0x20 /Users/maciejtonderski/opt/gcc-arm-none-eabi-10-2020-q4-major/bin/../lib/gcc/arm-none-eabi/10.2.1/../../../../arm-none-eabi/lib/thumb/v7e-m+fp/hard/libc_nano.a(lib_a-findfp.o)
                0x00000000080046a0                __sf_fake_stdin
 .rodata.__sf_fake_stdout
                0x00000000080046c0       0x20 /Users/maciejtonderski/opt/gcc-arm-none-eabi-10-2020-q4-major/bin/../lib/gcc/arm-none-eabi/10.2.1/../../../../arm-none-eabi/lib/thumb/v7e-m+fp/hard/libc_nano.a(lib_a-findfp.o)
                0x00000000080046c0                __sf_fake_stdout
 .rodata._svfprintf_r.str1.1
                0x00000000080046e0       0x11 /Users/maciejtonderski/opt/gcc-arm-none-eabi-10-2020-q4-major/bin/../lib/gcc/arm-none-eabi/10.2.1/../../../../arm-none-eabi/lib/thumb/v7e-m+fp/hard/libc_nano.a(lib_a-nano-svfprintf.o)
 .rodata._printf_i.str1.1
                0x00000000080046f1       0x22 /Users/maciejtonderski/opt/gcc-arm-none-eabi-10-2020-q4-major/bin/../lib/gcc/arm-none-eabi/10.2.1/../../../../arm-none-eabi/lib/thumb/v7e-m+fp/hard/libc_nano.a(lib_a-nano-vfprintf_i.o)
                0x0000000008004714                . = ALIGN (0x4)
 *fill*         0x0000000008004713        0x1 

.ARM.extab
 *(.ARM.extab* .gnu.linkonce.armextab.*)

.ARM            0x0000000008004714        0x8
                0x0000000008004714                __exidx_start = .
 *(.ARM.exidx*)
 .ARM.exidx     0x0000000008004714        0x8 /Users/maciejtonderski/opt/gcc-arm-none-eabi-10-2020-q4-major/bin/../lib/gcc/arm-none-eabi/10.2.1/thumb/v7e-m+fp/hard/libgcc.a(_udivmoddi4.o)
                0x000000000800471c                __exidx_end = .

.rel.dyn        0x000000000800471c        0x0
 .rel.iplt      0x000000000800471c        0x0 /Users/maciejtonderski/opt/gcc-arm-none-eabi-10-2020-q4-major/bin/../lib/gcc/arm-none-eabi/10.2.1/thumb/v7e-m+fp/hard/crtbegin.o

.preinit_array  0x000000000800471c        0x0
                0x000000000800471c                PROVIDE (__preinit_array_start = .)
 *(.preinit_array*)
                0x000000000800471c                PROVIDE (__preinit_array_end = .)

.init_array     0x000000000800471c        0x4
                0x000000000800471c                PROVIDE (__init_array_start = .)
 *(SORT_BY_NAME(.init_array.*))
 *(.init_array*)
 .init_array    0x000000000800471c        0x4 /Users/maciejtonderski/opt/gcc-arm-none-eabi-10-2020-q4-major/bin/../lib/gcc/arm-none-eabi/10.2.1/thumb/v7e-m+fp/hard/crtbegin.o
                0x0000000008004720                PROVIDE (__init_array_end = .)

.fini_array     0x0000000008004720        0x4
                [!provide]                        PROVIDE (__fini_array_start = .)
 *(SORT_BY_NAME(.fini_array.*))
 *(.fini_array*)
 .fini_array    0x0000000008004720        0x4 /Users/maciejtonderski/opt/gcc-arm-none-eabi-10-2020-q4-major/bin/../lib/gcc/arm-none-eabi/10.2.1/thumb/v7e-m+fp/hard/crtbegin.o
                [!provide]                        PROVIDE (__fini_array_end = .)
                0x0000000008004724                _sidata = LOADADDR (.data)

.data           0x0000000020000000       0x70 load address 0x0000000008004724
                0x0000000020000000                . = ALIGN (0x4)
                0x0000000020000000                _sdata = .
 *(.data)
 *(.data*)
 .data.uwTickFreq
                0x0000000020000000        0x1 build/stm32f4xx_hal.o
                0x0000000020000000                uwTickFreq
 *fill*         0x0000000020000001        0x3 
 .data.uwTickPrio
                0x0000000020000004        0x4 build/stm32f4xx_hal.o
                0x0000000020000004                uwTickPrio
 .data.SystemCoreClock
                0x0000000020000008        0x4 build/system_stm32f4xx.o
                0x0000000020000008                SystemCoreClock
 .data._impure_ptr
                0x000000002000000c        0x4 /Users/maciejtonderski/opt/gcc-arm-none-eabi-10-2020-q4-major/bin/../lib/gcc/arm-none-eabi/10.2.1/../../../../arm-none-eabi/lib/thumb/v7e-m+fp/hard/libc_nano.a(lib_a-impure.o)
                0x000000002000000c                _impure_ptr
 .data.impure_data
                0x0000000020000010       0x60 /Users/maciejtonderski/opt/gcc-arm-none-eabi-10-2020-q4-major/bin/../lib/gcc/arm-none-eabi/10.2.1/../../../../arm-none-eabi/lib/thumb/v7e-m+fp/hard/libc_nano.a(lib_a-impure.o)
                0x0000000020000070                . = ALIGN (0x4)
                0x0000000020000070                _edata = .

.igot.plt       0x0000000020000070        0x0 load address 0x0000000008004794
 .igot.plt      0x0000000020000070        0x0 /Users/maciejtonderski/opt/gcc-arm-none-eabi-10-2020-q4-major/bin/../lib/gcc/arm-none-eabi/10.2.1/thumb/v7e-m+fp/hard/crtbegin.o
                0x0000000020000070                . = ALIGN (0x4)

.bss            0x0000000020000070      0x158 load address 0x0000000008004794
                0x0000000020000070                _sbss = .
                0x0000000020000070                __bss_start__ = _sbss
 *(.bss)
 .bss           0x0000000020000070       0x1c /Users/maciejtonderski/opt/gcc-arm-none-eabi-10-2020-q4-major/bin/../lib/gcc/arm-none-eabi/10.2.1/thumb/v7e-m+fp/hard/crtbegin.o
 *(.bss*)
 .bss.LCD_I2C_SLAVE_ADDRESS
                0x000000002000008c        0x1 build/main.o
 *fill*         0x000000002000008d        0x3 
 .bss.adxl      0x0000000020000090       0x30 build/main.o
                0x0000000020000090                adxl
 .bss.hi2c1     0x00000000200000c0       0x54 build/main.o
                0x00000000200000c0                hi2c1
 .bss.hspi1     0x0000000020000114       0x58 build/main.o
                0x0000000020000114                hspi1
 .bss.huart2    0x000000002000016c       0x40 build/main.o
                0x000000002000016c                huart2
 .bss.lcd16x2_i2cHandle
                0x00000000200001ac        0x4 build/main.o
 .bss.uwTick    0x00000000200001b0        0x4 build/stm32f4xx_hal.o
                0x00000000200001b0                uwTick
 .bss.__lock___malloc_recursive_mutex
                0x00000000200001b4        0x1 /Users/maciejtonderski/opt/gcc-arm-none-eabi-10-2020-q4-major/bin/../lib/gcc/arm-none-eabi/10.2.1/../../../../arm-none-eabi/lib/thumb/v7e-m+fp/hard/libc_nano.a(lib_a-lock.o)
                0x00000000200001b4                __lock___malloc_recursive_mutex
 .bss.__lock___sfp_recursive_mutex
                0x00000000200001b5        0x1 /Users/maciejtonderski/opt/gcc-arm-none-eabi-10-2020-q4-major/bin/../lib/gcc/arm-none-eabi/10.2.1/../../../../arm-none-eabi/lib/thumb/v7e-m+fp/hard/libc_nano.a(lib_a-lock.o)
                0x00000000200001b5                __lock___sfp_recursive_mutex
 .bss.__lock___sinit_recursive_mutex
                0x00000000200001b6        0x1 /Users/maciejtonderski/opt/gcc-arm-none-eabi-10-2020-q4-major/bin/../lib/gcc/arm-none-eabi/10.2.1/../../../../arm-none-eabi/lib/thumb/v7e-m+fp/hard/libc_nano.a(lib_a-lock.o)
                0x00000000200001b6                __lock___sinit_recursive_mutex
 *fill*         0x00000000200001b7        0x1 
 .bss.__malloc_free_list
                0x00000000200001b8        0x4 /Users/maciejtonderski/opt/gcc-arm-none-eabi-10-2020-q4-major/bin/../lib/gcc/arm-none-eabi/10.2.1/../../../../arm-none-eabi/lib/thumb/v7e-m+fp/hard/libc_nano.a(lib_a-nano-mallocr.o)
                0x00000000200001b8                __malloc_free_list
 .bss.__malloc_sbrk_start
                0x00000000200001bc        0x4 /Users/maciejtonderski/opt/gcc-arm-none-eabi-10-2020-q4-major/bin/../lib/gcc/arm-none-eabi/10.2.1/../../../../arm-none-eabi/lib/thumb/v7e-m+fp/hard/libc_nano.a(lib_a-nano-mallocr.o)
                0x00000000200001bc                __malloc_sbrk_start
 .bss.errno     0x00000000200001c0        0x4 /Users/maciejtonderski/opt/gcc-arm-none-eabi-10-2020-q4-major/bin/../lib/gcc/arm-none-eabi/10.2.1/../../../../arm-none-eabi/lib/thumb/v7e-m+fp/hard/libc_nano.a(lib_a-reent.o)
                0x00000000200001c0                errno
 .bss.heap_end.0
                0x00000000200001c4        0x4 /Users/maciejtonderski/opt/gcc-arm-none-eabi-10-2020-q4-major/bin/../lib/gcc/arm-none-eabi/10.2.1/../../../../arm-none-eabi/lib/thumb/v7e-m+fp/hard/libnosys.a(sbrk.o)
 *(COMMON)
                0x00000000200001c8                . = ALIGN (0x4)
                0x00000000200001c8                _ebss = .
                0x00000000200001c8                __bss_end__ = _ebss

._user_heap_stack
                0x00000000200001c8      0x600 load address 0x0000000008004794
                0x00000000200001c8                . = ALIGN (0x8)
                0x00000000200001c8                PROVIDE (end = .)
                [!provide]                        PROVIDE (_end = .)
                0x00000000200003c8                . = (. + _Min_Heap_Size)
 *fill*         0x00000000200001c8      0x200 
                0x00000000200007c8                . = (. + _Min_Stack_Size)
 *fill*         0x00000000200003c8      0x400 
                0x00000000200007c8                . = ALIGN (0x8)

/DISCARD/
 libc.a(*)
 libm.a(*)
 libgcc.a(*)

.ARM.attributes
                0x0000000000000000       0x30
 *(.ARM.attributes)
 .ARM.attributes
                0x0000000000000000       0x1e /Users/maciejtonderski/opt/gcc-arm-none-eabi-10-2020-q4-major/bin/../lib/gcc/arm-none-eabi/10.2.1/thumb/v7e-m+fp/hard/crti.o
 .ARM.attributes
                0x000000000000001e       0x34 /Users/maciejtonderski/opt/gcc-arm-none-eabi-10-2020-q4-major/bin/../lib/gcc/arm-none-eabi/10.2.1/thumb/v7e-m+fp/hard/crtbegin.o
 .ARM.attributes
                0x0000000000000052       0x34 build/main.o
 .ARM.attributes
                0x0000000000000086       0x34 build/stm32f4xx_it.o
 .ARM.attributes
                0x00000000000000ba       0x34 build/stm32f4xx_hal_msp.o
 .ARM.attributes
                0x00000000000000ee       0x34 build/stm32f4xx_hal_i2c.o
 .ARM.attributes
                0x0000000000000122       0x34 build/stm32f4xx_hal_rcc.o
 .ARM.attributes
                0x0000000000000156       0x34 build/stm32f4xx_hal_gpio.o
 .ARM.attributes
                0x000000000000018a       0x34 build/stm32f4xx_hal_cortex.o
 .ARM.attributes
                0x00000000000001be       0x34 build/stm32f4xx_hal.o
 .ARM.attributes
                0x00000000000001f2       0x34 build/stm32f4xx_hal_uart.o
 .ARM.attributes
                0x0000000000000226       0x34 build/system_stm32f4xx.o
 .ARM.attributes
                0x000000000000025a       0x34 build/stm32f4xx_hal_spi.o
 .ARM.attributes
                0x000000000000028e       0x34 build/ADXL345.o
 .ARM.attributes
                0x00000000000002c2       0x21 build/startup_stm32f411xe.o
 .ARM.attributes
                0x00000000000002e3       0x32 /Users/maciejtonderski/opt/gcc-arm-none-eabi-10-2020-q4-major/bin/../lib/gcc/arm-none-eabi/10.2.1/../../../../arm-none-eabi/lib/thumb/v7e-m+fp/hard/libc_nano.a(lib_a-impure.o)
 .ARM.attributes
                0x0000000000000315       0x34 /Users/maciejtonderski/opt/gcc-arm-none-eabi-10-2020-q4-major/bin/../lib/gcc/arm-none-eabi/10.2.1/../../../../arm-none-eabi/lib/thumb/v7e-m+fp/hard/libc_nano.a(lib_a-init.o)
 .ARM.attributes
                0x0000000000000349       0x34 /Users/maciejtonderski/opt/gcc-arm-none-eabi-10-2020-q4-major/bin/../lib/gcc/arm-none-eabi/10.2.1/../../../../arm-none-eabi/lib/thumb/v7e-m+fp/hard/libc_nano.a(lib_a-memset.o)
 .ARM.attributes
                0x000000000000037d       0x34 /Users/maciejtonderski/opt/gcc-arm-none-eabi-10-2020-q4-major/bin/../lib/gcc/arm-none-eabi/10.2.1/../../../../arm-none-eabi/lib/thumb/v7e-m+fp/hard/libc_nano.a(lib_a-puts.o)
 .ARM.attributes
                0x00000000000003b1       0x34 /Users/maciejtonderski/opt/gcc-arm-none-eabi-10-2020-q4-major/bin/../lib/gcc/arm-none-eabi/10.2.1/../../../../arm-none-eabi/lib/thumb/v7e-m+fp/hard/libc_nano.a(lib_a-sprintf.o)
 .ARM.attributes
                0x00000000000003e5       0x17 /Users/maciejtonderski/opt/gcc-arm-none-eabi-10-2020-q4-major/bin/../lib/gcc/arm-none-eabi/10.2.1/../../../../arm-none-eabi/lib/thumb/v7e-m+fp/hard/libc_nano.a(lib_a-strlen.o)
 .ARM.attributes
                0x00000000000003fc       0x34 /Users/maciejtonderski/opt/gcc-arm-none-eabi-10-2020-q4-major/bin/../lib/gcc/arm-none-eabi/10.2.1/../../../../arm-none-eabi/lib/thumb/v7e-m+fp/hard/libc_nano.a(lib_a-vsprintf.o)
 .ARM.attributes
                0x0000000000000430       0x34 /Users/maciejtonderski/opt/gcc-arm-none-eabi-10-2020-q4-major/bin/../lib/gcc/arm-none-eabi/10.2.1/../../../../arm-none-eabi/lib/thumb/v7e-m+fp/hard/libc_nano.a(lib_a-wbuf.o)
 .ARM.attributes
                0x0000000000000464       0x34 /Users/maciejtonderski/opt/gcc-arm-none-eabi-10-2020-q4-major/bin/../lib/gcc/arm-none-eabi/10.2.1/../../../../arm-none-eabi/lib/thumb/v7e-m+fp/hard/libc_nano.a(lib_a-wsetup.o)
 .ARM.attributes
                0x0000000000000498       0x34 /Users/maciejtonderski/opt/gcc-arm-none-eabi-10-2020-q4-major/bin/../lib/gcc/arm-none-eabi/10.2.1/../../../../arm-none-eabi/lib/thumb/v7e-m+fp/hard/libc_nano.a(lib_a-fflush.o)
 .ARM.attributes
                0x00000000000004cc       0x34 /Users/maciejtonderski/opt/gcc-arm-none-eabi-10-2020-q4-major/bin/../lib/gcc/arm-none-eabi/10.2.1/../../../../arm-none-eabi/lib/thumb/v7e-m+fp/hard/libc_nano.a(lib_a-findfp.o)
 .ARM.attributes
                0x0000000000000500       0x34 /Users/maciejtonderski/opt/gcc-arm-none-eabi-10-2020-q4-major/bin/../lib/gcc/arm-none-eabi/10.2.1/../../../../arm-none-eabi/lib/thumb/v7e-m+fp/hard/libc_nano.a(lib_a-fwalk.o)
 .ARM.attributes
                0x0000000000000534       0x34 /Users/maciejtonderski/opt/gcc-arm-none-eabi-10-2020-q4-major/bin/../lib/gcc/arm-none-eabi/10.2.1/../../../../arm-none-eabi/lib/thumb/v7e-m+fp/hard/libc_nano.a(lib_a-lock.o)
 .ARM.attributes
                0x0000000000000568       0x34 /Users/maciejtonderski/opt/gcc-arm-none-eabi-10-2020-q4-major/bin/../lib/gcc/arm-none-eabi/10.2.1/../../../../arm-none-eabi/lib/thumb/v7e-m+fp/hard/libc_nano.a(lib_a-makebuf.o)
 .ARM.attributes
                0x000000000000059c       0x34 /Users/maciejtonderski/opt/gcc-arm-none-eabi-10-2020-q4-major/bin/../lib/gcc/arm-none-eabi/10.2.1/../../../../arm-none-eabi/lib/thumb/v7e-m+fp/hard/libc_nano.a(lib_a-nano-freer.o)
 .ARM.attributes
                0x00000000000005d0       0x34 /Users/maciejtonderski/opt/gcc-arm-none-eabi-10-2020-q4-major/bin/../lib/gcc/arm-none-eabi/10.2.1/../../../../arm-none-eabi/lib/thumb/v7e-m+fp/hard/libc_nano.a(lib_a-nano-mallocr.o)
 .ARM.attributes
                0x0000000000000604       0x34 /Users/maciejtonderski/opt/gcc-arm-none-eabi-10-2020-q4-major/bin/../lib/gcc/arm-none-eabi/10.2.1/../../../../arm-none-eabi/lib/thumb/v7e-m+fp/hard/libc_nano.a(lib_a-nano-svfprintf.o)
 .ARM.attributes
                0x0000000000000638       0x34 /Users/maciejtonderski/opt/gcc-arm-none-eabi-10-2020-q4-major/bin/../lib/gcc/arm-none-eabi/10.2.1/../../../../arm-none-eabi/lib/thumb/v7e-m+fp/hard/libc_nano.a(lib_a-nano-vfprintf_i.o)
 .ARM.attributes
                0x000000000000066c       0x34 /Users/maciejtonderski/opt/gcc-arm-none-eabi-10-2020-q4-major/bin/../lib/gcc/arm-none-eabi/10.2.1/../../../../arm-none-eabi/lib/thumb/v7e-m+fp/hard/libc_nano.a(lib_a-sbrkr.o)
 .ARM.attributes
                0x00000000000006a0       0x34 /Users/maciejtonderski/opt/gcc-arm-none-eabi-10-2020-q4-major/bin/../lib/gcc/arm-none-eabi/10.2.1/../../../../arm-none-eabi/lib/thumb/v7e-m+fp/hard/libc_nano.a(lib_a-stdio.o)
 .ARM.attributes
                0x00000000000006d4       0x34 /Users/maciejtonderski/opt/gcc-arm-none-eabi-10-2020-q4-major/bin/../lib/gcc/arm-none-eabi/10.2.1/../../../../arm-none-eabi/lib/thumb/v7e-m+fp/hard/libc_nano.a(lib_a-writer.o)
 .ARM.attributes
                0x0000000000000708       0x34 /Users/maciejtonderski/opt/gcc-arm-none-eabi-10-2020-q4-major/bin/../lib/gcc/arm-none-eabi/10.2.1/../../../../arm-none-eabi/lib/thumb/v7e-m+fp/hard/libc_nano.a(lib_a-closer.o)
 .ARM.attributes
                0x000000000000073c       0x34 /Users/maciejtonderski/opt/gcc-arm-none-eabi-10-2020-q4-major/bin/../lib/gcc/arm-none-eabi/10.2.1/../../../../arm-none-eabi/lib/thumb/v7e-m+fp/hard/libc_nano.a(lib_a-fstatr.o)
 .ARM.attributes
                0x0000000000000770       0x34 /Users/maciejtonderski/opt/gcc-arm-none-eabi-10-2020-q4-major/bin/../lib/gcc/arm-none-eabi/10.2.1/../../../../arm-none-eabi/lib/thumb/v7e-m+fp/hard/libc_nano.a(lib_a-isattyr.o)
 .ARM.attributes
                0x00000000000007a4       0x34 /Users/maciejtonderski/opt/gcc-arm-none-eabi-10-2020-q4-major/bin/../lib/gcc/arm-none-eabi/10.2.1/../../../../arm-none-eabi/lib/thumb/v7e-m+fp/hard/libc_nano.a(lib_a-lseekr.o)
 .ARM.attributes
                0x00000000000007d8       0x1c /Users/maciejtonderski/opt/gcc-arm-none-eabi-10-2020-q4-major/bin/../lib/gcc/arm-none-eabi/10.2.1/../../../../arm-none-eabi/lib/thumb/v7e-m+fp/hard/libc_nano.a(lib_a-memchr.o)
 .ARM.attributes
                0x00000000000007f4       0x34 /Users/maciejtonderski/opt/gcc-arm-none-eabi-10-2020-q4-major/bin/../lib/gcc/arm-none-eabi/10.2.1/../../../../arm-none-eabi/lib/thumb/v7e-m+fp/hard/libc_nano.a(lib_a-memcpy-stub.o)
 .ARM.attributes
                0x0000000000000828       0x34 /Users/maciejtonderski/opt/gcc-arm-none-eabi-10-2020-q4-major/bin/../lib/gcc/arm-none-eabi/10.2.1/../../../../arm-none-eabi/lib/thumb/v7e-m+fp/hard/libc_nano.a(lib_a-memmove.o)
 .ARM.attributes
                0x000000000000085c       0x34 /Users/maciejtonderski/opt/gcc-arm-none-eabi-10-2020-q4-major/bin/../lib/gcc/arm-none-eabi/10.2.1/../../../../arm-none-eabi/lib/thumb/v7e-m+fp/hard/libc_nano.a(lib_a-mlock.o)
 .ARM.attributes
                0x0000000000000890       0x34 /Users/maciejtonderski/opt/gcc-arm-none-eabi-10-2020-q4-major/bin/../lib/gcc/arm-none-eabi/10.2.1/../../../../arm-none-eabi/lib/thumb/v7e-m+fp/hard/libc_nano.a(lib_a-nano-reallocr.o)
 .ARM.attributes
                0x00000000000008c4       0x34 /Users/maciejtonderski/opt/gcc-arm-none-eabi-10-2020-q4-major/bin/../lib/gcc/arm-none-eabi/10.2.1/../../../../arm-none-eabi/lib/thumb/v7e-m+fp/hard/libc_nano.a(lib_a-readr.o)
 .ARM.attributes
                0x00000000000008f8       0x34 /Users/maciejtonderski/opt/gcc-arm-none-eabi-10-2020-q4-major/bin/../lib/gcc/arm-none-eabi/10.2.1/../../../../arm-none-eabi/lib/thumb/v7e-m+fp/hard/libc_nano.a(lib_a-reent.o)
 .ARM.attributes
                0x000000000000092c       0x34 /Users/maciejtonderski/opt/gcc-arm-none-eabi-10-2020-q4-major/bin/../lib/gcc/arm-none-eabi/10.2.1/../../../../arm-none-eabi/lib/thumb/v7e-m+fp/hard/libc_nano.a(lib_a-nano-msizer.o)
 .ARM.attributes
                0x0000000000000960       0x34 /Users/maciejtonderski/opt/gcc-arm-none-eabi-10-2020-q4-major/bin/../lib/gcc/arm-none-eabi/10.2.1/../../../../arm-none-eabi/lib/thumb/v7e-m+fp/hard/libnosys.a(close.o)
 .ARM.attributes
                0x0000000000000994       0x34 /Users/maciejtonderski/opt/gcc-arm-none-eabi-10-2020-q4-major/bin/../lib/gcc/arm-none-eabi/10.2.1/../../../../arm-none-eabi/lib/thumb/v7e-m+fp/hard/libnosys.a(fstat.o)
 .ARM.attributes
                0x00000000000009c8       0x34 /Users/maciejtonderski/opt/gcc-arm-none-eabi-10-2020-q4-major/bin/../lib/gcc/arm-none-eabi/10.2.1/../../../../arm-none-eabi/lib/thumb/v7e-m+fp/hard/libnosys.a(isatty.o)
 .ARM.attributes
                0x00000000000009fc       0x34 /Users/maciejtonderski/opt/gcc-arm-none-eabi-10-2020-q4-major/bin/../lib/gcc/arm-none-eabi/10.2.1/../../../../arm-none-eabi/lib/thumb/v7e-m+fp/hard/libnosys.a(lseek.o)
 .ARM.attributes
                0x0000000000000a30       0x34 /Users/maciejtonderski/opt/gcc-arm-none-eabi-10-2020-q4-major/bin/../lib/gcc/arm-none-eabi/10.2.1/../../../../arm-none-eabi/lib/thumb/v7e-m+fp/hard/libnosys.a(read.o)
 .ARM.attributes
                0x0000000000000a64       0x34 /Users/maciejtonderski/opt/gcc-arm-none-eabi-10-2020-q4-major/bin/../lib/gcc/arm-none-eabi/10.2.1/../../../../arm-none-eabi/lib/thumb/v7e-m+fp/hard/libnosys.a(sbrk.o)
 .ARM.attributes
                0x0000000000000a98       0x34 /Users/maciejtonderski/opt/gcc-arm-none-eabi-10-2020-q4-major/bin/../lib/gcc/arm-none-eabi/10.2.1/../../../../arm-none-eabi/lib/thumb/v7e-m+fp/hard/libnosys.a(write.o)
 .ARM.attributes
                0x0000000000000acc       0x1e /Users/maciejtonderski/opt/gcc-arm-none-eabi-10-2020-q4-major/bin/../lib/gcc/arm-none-eabi/10.2.1/thumb/v7e-m+fp/hard/libgcc.a(_aeabi_uldivmod.o)
 .ARM.attributes
                0x0000000000000aea       0x34 /Users/maciejtonderski/opt/gcc-arm-none-eabi-10-2020-q4-major/bin/../lib/gcc/arm-none-eabi/10.2.1/thumb/v7e-m+fp/hard/libgcc.a(_udivmoddi4.o)
 .ARM.attributes
                0x0000000000000b1e       0x1e /Users/maciejtonderski/opt/gcc-arm-none-eabi-10-2020-q4-major/bin/../lib/gcc/arm-none-eabi/10.2.1/thumb/v7e-m+fp/hard/libgcc.a(_dvmd_tls.o)
 .ARM.attributes
                0x0000000000000b3c       0x1e /Users/maciejtonderski/opt/gcc-arm-none-eabi-10-2020-q4-major/bin/../lib/gcc/arm-none-eabi/10.2.1/thumb/v7e-m+fp/hard/crtn.o
OUTPUT(build/SPI_2_UART.elf elf32-littlearm)
LOAD linker stubs
LOAD /Users/maciejtonderski/opt/gcc-arm-none-eabi-10-2020-q4-major/bin/../lib/gcc/arm-none-eabi/10.2.1/../../../../arm-none-eabi/lib/thumb/v7e-m+fp/hard/libc.a
LOAD /Users/maciejtonderski/opt/gcc-arm-none-eabi-10-2020-q4-major/bin/../lib/gcc/arm-none-eabi/10.2.1/../../../../arm-none-eabi/lib/thumb/v7e-m+fp/hard/libm.a
LOAD /Users/maciejtonderski/opt/gcc-arm-none-eabi-10-2020-q4-major/bin/../lib/gcc/arm-none-eabi/10.2.1/thumb/v7e-m+fp/hard/libgcc.a

.debug_info     0x0000000000000000    0x1258d
 .debug_info    0x0000000000000000     0x2c1e build/main.o
 .debug_info    0x0000000000002c1e      0x15a build/stm32f4xx_it.o
 .debug_info    0x0000000000002d78     0x1214 build/stm32f4xx_hal_msp.o
 .debug_info    0x0000000000003f8c     0x3b0e build/stm32f4xx_hal_i2c.o
 .debug_info    0x0000000000007a9a      0xc14 build/stm32f4xx_hal_rcc.o
 .debug_info    0x00000000000086ae      0x85d build/stm32f4xx_hal_gpio.o
 .debug_info    0x0000000000008f0b     0x10e4 build/stm32f4xx_hal_cortex.o
 .debug_info    0x0000000000009fef      0xa67 build/stm32f4xx_hal.o
 .debug_info    0x000000000000aa56     0x1a76 build/stm32f4xx_hal_uart.o
 .debug_info    0x000000000000c4cc      0x5e5 build/system_stm32f4xx.o
 .debug_info    0x000000000000cab1     0x1fac build/stm32f4xx_hal_spi.o
 .debug_info    0x000000000000ea5d     0x3b0e build/ADXL345.o
 .debug_info    0x000000000001256b       0x22 build/startup_stm32f411xe.o

.debug_abbrev   0x0000000000000000     0x1ddf
 .debug_abbrev  0x0000000000000000      0x3d7 build/main.o
 .debug_abbrev  0x00000000000003d7       0x81 build/stm32f4xx_it.o
 .debug_abbrev  0x0000000000000458      0x1cf build/stm32f4xx_hal_msp.o
 .debug_abbrev  0x0000000000000627      0x304 build/stm32f4xx_hal_i2c.o
 .debug_abbrev  0x000000000000092b      0x2aa build/stm32f4xx_hal_rcc.o
 .debug_abbrev  0x0000000000000bd5      0x22b build/stm32f4xx_hal_gpio.o
 .debug_abbrev  0x0000000000000e00      0x382 build/stm32f4xx_hal_cortex.o
 .debug_abbrev  0x0000000000001182      0x23a build/stm32f4xx_hal.o
 .debug_abbrev  0x00000000000013bc      0x2de build/stm32f4xx_hal_uart.o
 .debug_abbrev  0x000000000000169a      0x11b build/system_stm32f4xx.o
 .debug_abbrev  0x00000000000017b5      0x2a6 build/stm32f4xx_hal_spi.o
 .debug_abbrev  0x0000000000001a5b      0x372 build/ADXL345.o
 .debug_abbrev  0x0000000000001dcd       0x12 build/startup_stm32f411xe.o

.debug_loc      0x0000000000000000     0xe21b
 .debug_loc     0x0000000000000000      0x950 build/main.o
 .debug_loc     0x0000000000000950       0x20 build/stm32f4xx_it.o
 .debug_loc     0x0000000000000970      0x2c7 build/stm32f4xx_hal_msp.o
 .debug_loc     0x0000000000000c37     0x4bf6 build/stm32f4xx_hal_i2c.o
 .debug_loc     0x000000000000582d      0x6e4 build/stm32f4xx_hal_rcc.o
 .debug_loc     0x0000000000005f11      0x5c7 build/stm32f4xx_hal_gpio.o
 .debug_loc     0x00000000000064d8      0x7a4 build/stm32f4xx_hal_cortex.o
 .debug_loc     0x0000000000006c7c      0x1e1 build/stm32f4xx_hal.o
 .debug_loc     0x0000000000006e5d     0x1d6a build/stm32f4xx_hal_uart.o
 .debug_loc     0x0000000000008bc7      0x158 build/system_stm32f4xx.o
 .debug_loc     0x0000000000008d1f     0x2444 build/stm32f4xx_hal_spi.o
 .debug_loc     0x000000000000b163     0x30b8 build/ADXL345.o

.debug_aranges  0x0000000000000000      0xe20
 .debug_aranges
                0x0000000000000000      0x120 build/main.o
 .debug_aranges
                0x0000000000000120       0x60 build/stm32f4xx_it.o
 .debug_aranges
                0x0000000000000180       0x50 build/stm32f4xx_hal_msp.o
 .debug_aranges
                0x00000000000001d0      0x2a0 build/stm32f4xx_hal_i2c.o
 .debug_aranges
                0x0000000000000470       0x88 build/stm32f4xx_hal_rcc.o
 .debug_aranges
                0x00000000000004f8       0x58 build/stm32f4xx_hal_gpio.o
 .debug_aranges
                0x0000000000000550       0xa8 build/stm32f4xx_hal_cortex.o
 .debug_aranges
                0x00000000000005f8       0xf0 build/stm32f4xx_hal.o
 .debug_aranges
                0x00000000000006e8      0x1d0 build/stm32f4xx_hal_uart.o
 .debug_aranges
                0x00000000000008b8       0x28 build/system_stm32f4xx.o
 .debug_aranges
                0x00000000000008e0      0x1d0 build/stm32f4xx_hal_spi.o
 .debug_aranges
                0x0000000000000ab0      0x348 build/ADXL345.o
 .debug_aranges
                0x0000000000000df8       0x28 build/startup_stm32f411xe.o

.debug_ranges   0x0000000000000000      0xe30
 .debug_ranges  0x0000000000000000      0x158 build/main.o
 .debug_ranges  0x0000000000000158       0x50 build/stm32f4xx_it.o
 .debug_ranges  0x00000000000001a8       0x40 build/stm32f4xx_hal_msp.o
 .debug_ranges  0x00000000000001e8      0x2a8 build/stm32f4xx_hal_i2c.o
 .debug_ranges  0x0000000000000490       0x90 build/stm32f4xx_hal_rcc.o
 .debug_ranges  0x0000000000000520       0x48 build/stm32f4xx_hal_gpio.o
 .debug_ranges  0x0000000000000568       0xf8 build/stm32f4xx_hal_cortex.o
 .debug_ranges  0x0000000000000660       0xe0 build/stm32f4xx_hal.o
 .debug_ranges  0x0000000000000740      0x1c0 build/stm32f4xx_hal_uart.o
 .debug_ranges  0x0000000000000900       0x18 build/system_stm32f4xx.o
 .debug_ranges  0x0000000000000918      0x1c0 build/stm32f4xx_hal_spi.o
 .debug_ranges  0x0000000000000ad8      0x338 build/ADXL345.o
 .debug_ranges  0x0000000000000e10       0x20 build/startup_stm32f411xe.o

.debug_line     0x0000000000000000     0xd7e4
 .debug_line    0x0000000000000000      0xc83 build/main.o
 .debug_line    0x0000000000000c83      0x172 build/stm32f4xx_it.o
 .debug_line    0x0000000000000df5      0x3da build/stm32f4xx_hal_msp.o
 .debug_line    0x00000000000011cf     0x5141 build/stm32f4xx_hal_i2c.o
 .debug_line    0x0000000000006310      0xb28 build/stm32f4xx_hal_rcc.o
 .debug_line    0x0000000000006e38      0x6d4 build/stm32f4xx_hal_gpio.o
 .debug_line    0x000000000000750c      0x78e build/stm32f4xx_hal_cortex.o
 .debug_line    0x0000000000007c9a      0x57b build/stm32f4xx_hal.o
 .debug_line    0x0000000000008215     0x1c40 build/stm32f4xx_hal_uart.o
 .debug_line    0x0000000000009e55      0x269 build/system_stm32f4xx.o
 .debug_line    0x000000000000a0be     0x2474 build/stm32f4xx_hal_spi.o
 .debug_line    0x000000000000c532     0x123f build/ADXL345.o
 .debug_line    0x000000000000d771       0x73 build/startup_stm32f411xe.o

.debug_str      0x0000000000000000     0x3dfa
 .debug_str     0x0000000000000000     0x12a6 build/main.o
                                       0x13f9 (size before relaxing)
 .debug_str     0x00000000000012a6       0xaf build/stm32f4xx_it.o
                                        0x20a (size before relaxing)
 .debug_str     0x0000000000001355       0xa2 build/stm32f4xx_hal_msp.o
                                        0xbc8 (size before relaxing)
 .debug_str     0x00000000000013f7      0x8e8 build/stm32f4xx_hal_i2c.o
                                       0x1015 (size before relaxing)
 .debug_str     0x0000000000001cdf      0x1f8 build/stm32f4xx_hal_rcc.o
                                        0x6f8 (size before relaxing)
 .debug_str     0x0000000000001ed7      0x112 build/stm32f4xx_hal_gpio.o
                                        0x4d2 (size before relaxing)
 .debug_str     0x0000000000001fe9      0x8a7 build/stm32f4xx_hal_cortex.o
                                        0xab4 (size before relaxing)
 .debug_str     0x0000000000002890      0x295 build/stm32f4xx_hal.o
                                        0x9f4 (size before relaxing)
 .debug_str     0x0000000000002b25      0x4f8 build/stm32f4xx_hal_uart.o
                                        0xc12 (size before relaxing)
 .debug_str     0x000000000000301d       0x42 build/system_stm32f4xx.o
                                        0x362 (size before relaxing)
 .debug_str     0x000000000000305f      0x4d5 build/stm32f4xx_hal_spi.o
                                        0xbb9 (size before relaxing)
 .debug_str     0x0000000000003534      0x8a2 build/ADXL345.o
                                       0x1481 (size before relaxing)
 .debug_str     0x0000000000003dd6       0x24 build/startup_stm32f411xe.o
                                         0x4a (size before relaxing)

.comment        0x0000000000000000       0x4d
 .comment       0x0000000000000000       0x4d build/main.o
                                         0x4e (size before relaxing)
 .comment       0x000000000000004d       0x4e build/stm32f4xx_it.o
 .comment       0x000000000000004d       0x4e build/stm32f4xx_hal_msp.o
 .comment       0x000000000000004d       0x4e build/stm32f4xx_hal_i2c.o
 .comment       0x000000000000004d       0x4e build/stm32f4xx_hal_rcc.o
 .comment       0x000000000000004d       0x4e build/stm32f4xx_hal_gpio.o
 .comment       0x000000000000004d       0x4e build/stm32f4xx_hal_cortex.o
 .comment       0x000000000000004d       0x4e build/stm32f4xx_hal.o
 .comment       0x000000000000004d       0x4e build/stm32f4xx_hal_uart.o
 .comment       0x000000000000004d       0x4e build/system_stm32f4xx.o
 .comment       0x000000000000004d       0x4e build/stm32f4xx_hal_spi.o
 .comment       0x000000000000004d       0x4e build/ADXL345.o

.debug_frame    0x0000000000000000     0x3314
 .debug_frame   0x0000000000000000      0x394 build/main.o
 .debug_frame   0x0000000000000394       0xa8 build/stm32f4xx_it.o
 .debug_frame   0x000000000000043c       0xd4 build/stm32f4xx_hal_msp.o
 .debug_frame   0x0000000000000510      0x968 build/stm32f4xx_hal_i2c.o
 .debug_frame   0x0000000000000e78      0x16c build/stm32f4xx_hal_rcc.o
 .debug_frame   0x0000000000000fe4       0xd8 build/stm32f4xx_hal_gpio.o
 .debug_frame   0x00000000000010bc      0x148 build/stm32f4xx_hal_cortex.o
 .debug_frame   0x0000000000001204      0x1ec build/stm32f4xx_hal.o
 .debug_frame   0x00000000000013f0      0x4ec build/stm32f4xx_hal_uart.o
 .debug_frame   0x00000000000018dc       0x30 build/system_stm32f4xx.o
 .debug_frame   0x000000000000190c      0x594 build/stm32f4xx_hal_spi.o
 .debug_frame   0x0000000000001ea0      0xa48 build/ADXL345.o
 .debug_frame   0x00000000000028e8       0x2c /Users/maciejtonderski/opt/gcc-arm-none-eabi-10-2020-q4-major/bin/../lib/gcc/arm-none-eabi/10.2.1/../../../../arm-none-eabi/lib/thumb/v7e-m+fp/hard/libc_nano.a(lib_a-init.o)
 .debug_frame   0x0000000000002914       0x20 /Users/maciejtonderski/opt/gcc-arm-none-eabi-10-2020-q4-major/bin/../lib/gcc/arm-none-eabi/10.2.1/../../../../arm-none-eabi/lib/thumb/v7e-m+fp/hard/libc_nano.a(lib_a-memset.o)
 .debug_frame   0x0000000000002934       0x3c /Users/maciejtonderski/opt/gcc-arm-none-eabi-10-2020-q4-major/bin/../lib/gcc/arm-none-eabi/10.2.1/../../../../arm-none-eabi/lib/thumb/v7e-m+fp/hard/libc_nano.a(lib_a-puts.o)
 .debug_frame   0x0000000000002970       0x6c /Users/maciejtonderski/opt/gcc-arm-none-eabi-10-2020-q4-major/bin/../lib/gcc/arm-none-eabi/10.2.1/../../../../arm-none-eabi/lib/thumb/v7e-m+fp/hard/libc_nano.a(lib_a-sprintf.o)
 .debug_frame   0x00000000000029dc       0x3c /Users/maciejtonderski/opt/gcc-arm-none-eabi-10-2020-q4-major/bin/../lib/gcc/arm-none-eabi/10.2.1/../../../../arm-none-eabi/lib/thumb/v7e-m+fp/hard/libc_nano.a(lib_a-vsprintf.o)
 .debug_frame   0x0000000000002a18       0x40 /Users/maciejtonderski/opt/gcc-arm-none-eabi-10-2020-q4-major/bin/../lib/gcc/arm-none-eabi/10.2.1/../../../../arm-none-eabi/lib/thumb/v7e-m+fp/hard/libc_nano.a(lib_a-wbuf.o)
 .debug_frame   0x0000000000002a58       0x2c /Users/maciejtonderski/opt/gcc-arm-none-eabi-10-2020-q4-major/bin/../lib/gcc/arm-none-eabi/10.2.1/../../../../arm-none-eabi/lib/thumb/v7e-m+fp/hard/libc_nano.a(lib_a-wsetup.o)
 .debug_frame   0x0000000000002a84       0x5c /Users/maciejtonderski/opt/gcc-arm-none-eabi-10-2020-q4-major/bin/../lib/gcc/arm-none-eabi/10.2.1/../../../../arm-none-eabi/lib/thumb/v7e-m+fp/hard/libc_nano.a(lib_a-fflush.o)
 .debug_frame   0x0000000000002ae0      0x14c /Users/maciejtonderski/opt/gcc-arm-none-eabi-10-2020-q4-major/bin/../lib/gcc/arm-none-eabi/10.2.1/../../../../arm-none-eabi/lib/thumb/v7e-m+fp/hard/libc_nano.a(lib_a-findfp.o)
 .debug_frame   0x0000000000002c2c       0x54 /Users/maciejtonderski/opt/gcc-arm-none-eabi-10-2020-q4-major/bin/../lib/gcc/arm-none-eabi/10.2.1/../../../../arm-none-eabi/lib/thumb/v7e-m+fp/hard/libc_nano.a(lib_a-fwalk.o)
 .debug_frame   0x0000000000002c80       0xb0 /Users/maciejtonderski/opt/gcc-arm-none-eabi-10-2020-q4-major/bin/../lib/gcc/arm-none-eabi/10.2.1/../../../../arm-none-eabi/lib/thumb/v7e-m+fp/hard/libc_nano.a(lib_a-lock.o)
 .debug_frame   0x0000000000002d30       0x58 /Users/maciejtonderski/opt/gcc-arm-none-eabi-10-2020-q4-major/bin/../lib/gcc/arm-none-eabi/10.2.1/../../../../arm-none-eabi/lib/thumb/v7e-m+fp/hard/libc_nano.a(lib_a-makebuf.o)
 .debug_frame   0x0000000000002d88       0x38 /Users/maciejtonderski/opt/gcc-arm-none-eabi-10-2020-q4-major/bin/../lib/gcc/arm-none-eabi/10.2.1/../../../../arm-none-eabi/lib/thumb/v7e-m+fp/hard/libc_nano.a(lib_a-nano-freer.o)
 .debug_frame   0x0000000000002dc0       0x30 /Users/maciejtonderski/opt/gcc-arm-none-eabi-10-2020-q4-major/bin/../lib/gcc/arm-none-eabi/10.2.1/../../../../arm-none-eabi/lib/thumb/v7e-m+fp/hard/libc_nano.a(lib_a-nano-mallocr.o)
 .debug_frame   0x0000000000002df0       0x90 /Users/maciejtonderski/opt/gcc-arm-none-eabi-10-2020-q4-major/bin/../lib/gcc/arm-none-eabi/10.2.1/../../../../arm-none-eabi/lib/thumb/v7e-m+fp/hard/libc_nano.a(lib_a-nano-svfprintf.o)
 .debug_frame   0x0000000000002e80       0x60 /Users/maciejtonderski/opt/gcc-arm-none-eabi-10-2020-q4-major/bin/../lib/gcc/arm-none-eabi/10.2.1/../../../../arm-none-eabi/lib/thumb/v7e-m+fp/hard/libc_nano.a(lib_a-nano-vfprintf_i.o)
 .debug_frame   0x0000000000002ee0       0x2c /Users/maciejtonderski/opt/gcc-arm-none-eabi-10-2020-q4-major/bin/../lib/gcc/arm-none-eabi/10.2.1/../../../../arm-none-eabi/lib/thumb/v7e-m+fp/hard/libc_nano.a(lib_a-sbrkr.o)
 .debug_frame   0x0000000000002f0c       0x88 /Users/maciejtonderski/opt/gcc-arm-none-eabi-10-2020-q4-major/bin/../lib/gcc/arm-none-eabi/10.2.1/../../../../arm-none-eabi/lib/thumb/v7e-m+fp/hard/libc_nano.a(lib_a-stdio.o)
 .debug_frame   0x0000000000002f94       0x2c /Users/maciejtonderski/opt/gcc-arm-none-eabi-10-2020-q4-major/bin/../lib/gcc/arm-none-eabi/10.2.1/../../../../arm-none-eabi/lib/thumb/v7e-m+fp/hard/libc_nano.a(lib_a-writer.o)
 .debug_frame   0x0000000000002fc0       0x2c /Users/maciejtonderski/opt/gcc-arm-none-eabi-10-2020-q4-major/bin/../lib/gcc/arm-none-eabi/10.2.1/../../../../arm-none-eabi/lib/thumb/v7e-m+fp/hard/libc_nano.a(lib_a-closer.o)
 .debug_frame   0x0000000000002fec       0x2c /Users/maciejtonderski/opt/gcc-arm-none-eabi-10-2020-q4-major/bin/../lib/gcc/arm-none-eabi/10.2.1/../../../../arm-none-eabi/lib/thumb/v7e-m+fp/hard/libc_nano.a(lib_a-fstatr.o)
 .debug_frame   0x0000000000003018       0x2c /Users/maciejtonderski/opt/gcc-arm-none-eabi-10-2020-q4-major/bin/../lib/gcc/arm-none-eabi/10.2.1/../../../../arm-none-eabi/lib/thumb/v7e-m+fp/hard/libc_nano.a(lib_a-isattyr.o)
 .debug_frame   0x0000000000003044       0x2c /Users/maciejtonderski/opt/gcc-arm-none-eabi-10-2020-q4-major/bin/../lib/gcc/arm-none-eabi/10.2.1/../../../../arm-none-eabi/lib/thumb/v7e-m+fp/hard/libc_nano.a(lib_a-lseekr.o)
 .debug_frame   0x0000000000003070       0x28 /Users/maciejtonderski/opt/gcc-arm-none-eabi-10-2020-q4-major/bin/../lib/gcc/arm-none-eabi/10.2.1/../../../../arm-none-eabi/lib/thumb/v7e-m+fp/hard/libc_nano.a(lib_a-memcpy-stub.o)
 .debug_frame   0x0000000000003098       0x28 /Users/maciejtonderski/opt/gcc-arm-none-eabi-10-2020-q4-major/bin/../lib/gcc/arm-none-eabi/10.2.1/../../../../arm-none-eabi/lib/thumb/v7e-m+fp/hard/libc_nano.a(lib_a-memmove.o)
 .debug_frame   0x00000000000030c0       0x30 /Users/maciejtonderski/opt/gcc-arm-none-eabi-10-2020-q4-major/bin/../lib/gcc/arm-none-eabi/10.2.1/../../../../arm-none-eabi/lib/thumb/v7e-m+fp/hard/libc_nano.a(lib_a-mlock.o)
 .debug_frame   0x00000000000030f0       0x3c /Users/maciejtonderski/opt/gcc-arm-none-eabi-10-2020-q4-major/bin/../lib/gcc/arm-none-eabi/10.2.1/../../../../arm-none-eabi/lib/thumb/v7e-m+fp/hard/libc_nano.a(lib_a-nano-reallocr.o)
 .debug_frame   0x000000000000312c       0x2c /Users/maciejtonderski/opt/gcc-arm-none-eabi-10-2020-q4-major/bin/../lib/gcc/arm-none-eabi/10.2.1/../../../../arm-none-eabi/lib/thumb/v7e-m+fp/hard/libc_nano.a(lib_a-readr.o)
 .debug_frame   0x0000000000003158       0x5c /Users/maciejtonderski/opt/gcc-arm-none-eabi-10-2020-q4-major/bin/../lib/gcc/arm-none-eabi/10.2.1/../../../../arm-none-eabi/lib/thumb/v7e-m+fp/hard/libc_nano.a(lib_a-reent.o)
 .debug_frame   0x00000000000031b4       0x20 /Users/maciejtonderski/opt/gcc-arm-none-eabi-10-2020-q4-major/bin/../lib/gcc/arm-none-eabi/10.2.1/../../../../arm-none-eabi/lib/thumb/v7e-m+fp/hard/libc_nano.a(lib_a-nano-msizer.o)
 .debug_frame   0x00000000000031d4       0x20 /Users/maciejtonderski/opt/gcc-arm-none-eabi-10-2020-q4-major/bin/../lib/gcc/arm-none-eabi/10.2.1/../../../../arm-none-eabi/lib/thumb/v7e-m+fp/hard/libnosys.a(close.o)
 .debug_frame   0x00000000000031f4       0x20 /Users/maciejtonderski/opt/gcc-arm-none-eabi-10-2020-q4-major/bin/../lib/gcc/arm-none-eabi/10.2.1/../../../../arm-none-eabi/lib/thumb/v7e-m+fp/hard/libnosys.a(fstat.o)
 .debug_frame   0x0000000000003214       0x20 /Users/maciejtonderski/opt/gcc-arm-none-eabi-10-2020-q4-major/bin/../lib/gcc/arm-none-eabi/10.2.1/../../../../arm-none-eabi/lib/thumb/v7e-m+fp/hard/libnosys.a(isatty.o)
 .debug_frame   0x0000000000003234       0x20 /Users/maciejtonderski/opt/gcc-arm-none-eabi-10-2020-q4-major/bin/../lib/gcc/arm-none-eabi/10.2.1/../../../../arm-none-eabi/lib/thumb/v7e-m+fp/hard/libnosys.a(lseek.o)
 .debug_frame   0x0000000000003254       0x20 /Users/maciejtonderski/opt/gcc-arm-none-eabi-10-2020-q4-major/bin/../lib/gcc/arm-none-eabi/10.2.1/../../../../arm-none-eabi/lib/thumb/v7e-m+fp/hard/libnosys.a(read.o)
 .debug_frame   0x0000000000003274       0x20 /Users/maciejtonderski/opt/gcc-arm-none-eabi-10-2020-q4-major/bin/../lib/gcc/arm-none-eabi/10.2.1/../../../../arm-none-eabi/lib/thumb/v7e-m+fp/hard/libnosys.a(sbrk.o)
 .debug_frame   0x0000000000003294       0x20 /Users/maciejtonderski/opt/gcc-arm-none-eabi-10-2020-q4-major/bin/../lib/gcc/arm-none-eabi/10.2.1/../../../../arm-none-eabi/lib/thumb/v7e-m+fp/hard/libnosys.a(write.o)
 .debug_frame   0x00000000000032b4       0x2c /Users/maciejtonderski/opt/gcc-arm-none-eabi-10-2020-q4-major/bin/../lib/gcc/arm-none-eabi/10.2.1/thumb/v7e-m+fp/hard/libgcc.a(_aeabi_uldivmod.o)
 .debug_frame   0x00000000000032e0       0x34 /Users/maciejtonderski/opt/gcc-arm-none-eabi-10-2020-q4-major/bin/../lib/gcc/arm-none-eabi/10.2.1/thumb/v7e-m+fp/hard/libgcc.a(_udivmoddi4.o)

.stab           0x0000000000000000       0x9c
 .stab          0x0000000000000000       0x24 /Users/maciejtonderski/opt/gcc-arm-none-eabi-10-2020-q4-major/bin/../lib/gcc/arm-none-eabi/10.2.1/../../../../arm-none-eabi/lib/thumb/v7e-m+fp/hard/libnosys.a(close.o)
 .stab          0x0000000000000024       0x18 /Users/maciejtonderski/opt/gcc-arm-none-eabi-10-2020-q4-major/bin/../lib/gcc/arm-none-eabi/10.2.1/../../../../arm-none-eabi/lib/thumb/v7e-m+fp/hard/libnosys.a(fstat.o)
                                         0x24 (size before relaxing)
 .stab          0x000000000000003c       0x18 /Users/maciejtonderski/opt/gcc-arm-none-eabi-10-2020-q4-major/bin/../lib/gcc/arm-none-eabi/10.2.1/../../../../arm-none-eabi/lib/thumb/v7e-m+fp/hard/libnosys.a(isatty.o)
                                         0x24 (size before relaxing)
 .stab          0x0000000000000054       0x18 /Users/maciejtonderski/opt/gcc-arm-none-eabi-10-2020-q4-major/bin/../lib/gcc/arm-none-eabi/10.2.1/../../../../arm-none-eabi/lib/thumb/v7e-m+fp/hard/libnosys.a(lseek.o)
                                         0x24 (size before relaxing)
 .stab          0x000000000000006c       0x18 /Users/maciejtonderski/opt/gcc-arm-none-eabi-10-2020-q4-major/bin/../lib/gcc/arm-none-eabi/10.2.1/../../../../arm-none-eabi/lib/thumb/v7e-m+fp/hard/libnosys.a(read.o)
                                         0x24 (size before relaxing)
 .stab          0x0000000000000084       0x18 /Users/maciejtonderski/opt/gcc-arm-none-eabi-10-2020-q4-major/bin/../lib/gcc/arm-none-eabi/10.2.1/../../../../arm-none-eabi/lib/thumb/v7e-m+fp/hard/libnosys.a(write.o)
                                         0x24 (size before relaxing)

.stabstr        0x0000000000000000      0x14d
 .stabstr       0x0000000000000000      0x14d /Users/maciejtonderski/opt/gcc-arm-none-eabi-10-2020-q4-major/bin/../lib/gcc/arm-none-eabi/10.2.1/../../../../arm-none-eabi/lib/thumb/v7e-m+fp/hard/libnosys.a(close.o)

Cross Reference Table

Symbol                                            File
ADC_IRQHandler                                    build/startup_stm32f411xe.o
ADXL345ActivityINT                                build/ADXL345.o
                                                  build/main.o
ADXL345FreeFallINT                                build/ADXL345.o
                                                  build/main.o
ADXL345InactivityINT                              build/ADXL345.o
                                                  build/main.o
ADXL345_I2C                                       build/ADXL345.o
ADXL345_SPI                                       build/ADXL345.o
                                                  build/main.o
ADXL345doubleTapINT                               build/ADXL345.o
                                                  build/main.o
ADXL345getActivityThreshold                       build/ADXL345.o
ADXL345getAxisGains                               build/ADXL345.o
ADXL345getAxisOffset                              build/ADXL345.o
ADXL345getDoubleTapLatency                        build/ADXL345.o
ADXL345getDoubleTapWindow                         build/ADXL345.o
ADXL345getFreeFallDuration                        build/ADXL345.o
ADXL345getFreeFallThreshold                       build/ADXL345.o
ADXL345getFullResBit                              build/ADXL345.o
ADXL345getInactivityThreshold                     build/ADXL345.o
ADXL345getInterruptLevelBit                       build/ADXL345.o
ADXL345getInterruptMapping                        build/ADXL345.o
ADXL345getInterruptSource                         build/ADXL345.o
ADXL345getInterruptSource_interrupt               build/ADXL345.o
ADXL345getJustifyBit                              build/ADXL345.o
ADXL345getRangeSetting                            build/ADXL345.o
ADXL345getRate                                    build/ADXL345.o
ADXL345getSelfTestBit                             build/ADXL345.o
ADXL345getSpiBit                                  build/ADXL345.o
ADXL345getSuppressBit                             build/ADXL345.o
ADXL345getTapDuration                             build/ADXL345.o
ADXL345getTapThreshold                            build/ADXL345.o
ADXL345getTimeInactivity                          build/ADXL345.o
ADXL345get_Gxyz                                   build/ADXL345.o
ADXL345get_bw_code                                build/ADXL345.o
ADXL345isActivityAc                               build/ADXL345.o
ADXL345isActivitySourceOnX                        build/ADXL345.o
ADXL345isActivitySourceOnY                        build/ADXL345.o
ADXL345isActivitySourceOnZ                        build/ADXL345.o
ADXL345isActivityXEnabled                         build/ADXL345.o
ADXL345isActivityYEnabled                         build/ADXL345.o
ADXL345isActivityZEnabled                         build/ADXL345.o
ADXL345isAsleep                                   build/ADXL345.o
ADXL345isInactivityAc                             build/ADXL345.o
ADXL345isInactivityXEnabled                       build/ADXL345.o
ADXL345isInactivityYEnabled                       build/ADXL345.o
ADXL345isInactivityZEnabled                       build/ADXL345.o
ADXL345isInterruptEnabled                         build/ADXL345.o
ADXL345isLowPower                                 build/ADXL345.o
ADXL345isTapDetectionOnX                          build/ADXL345.o
ADXL345isTapDetectionOnY                          build/ADXL345.o
ADXL345isTapDetectionOnZ                          build/ADXL345.o
ADXL345isTapSourceOnX                             build/ADXL345.o
ADXL345isTapSourceOnY                             build/ADXL345.o
ADXL345isTapSourceOnZ                             build/ADXL345.o
ADXL345powerOn                                    build/ADXL345.o
                                                  build/main.o
ADXL345readAccel_x_y_z                            build/ADXL345.o
                                                  build/main.o
ADXL345readAccel_xyz                              build/ADXL345.o
ADXL345setActivityAc                              build/ADXL345.o
ADXL345setActivityThreshold                       build/ADXL345.o
                                                  build/main.o
ADXL345setActivityX                               build/ADXL345.o
ADXL345setActivityXYZ                             build/ADXL345.o
                                                  build/main.o
ADXL345setActivityY                               build/ADXL345.o
ADXL345setActivityZ                               build/ADXL345.o
ADXL345setAxisGains                               build/ADXL345.o
ADXL345setAxisOffset                              build/ADXL345.o
ADXL345setDoubleTapLatency                        build/ADXL345.o
                                                  build/main.o
ADXL345setDoubleTapWindow                         build/ADXL345.o
                                                  build/main.o
ADXL345setFreeFallDuration                        build/ADXL345.o
                                                  build/main.o
ADXL345setFreeFallThreshold                       build/ADXL345.o
                                                  build/main.o
ADXL345setFullResBit                              build/ADXL345.o
ADXL345setImportantInterruptMapping               build/ADXL345.o
ADXL345setInactivityAc                            build/ADXL345.o
ADXL345setInactivityThreshold                     build/ADXL345.o
                                                  build/main.o
ADXL345setInactivityX                             build/ADXL345.o
ADXL345setInactivityXYZ                           build/ADXL345.o
                                                  build/main.o
ADXL345setInactivityY                             build/ADXL345.o
ADXL345setInactivityZ                             build/ADXL345.o
ADXL345setInterrupt                               build/ADXL345.o
ADXL345setInterruptLevelBit                       build/ADXL345.o
ADXL345setInterruptMapping                        build/ADXL345.o
ADXL345setJustifyBit                              build/ADXL345.o
ADXL345setLowPower                                build/ADXL345.o
ADXL345setRangeSetting                            build/ADXL345.o
                                                  build/main.o
ADXL345setRate                                    build/ADXL345.o
ADXL345setSelfTestBit                             build/ADXL345.o
ADXL345setSpiBit                                  build/ADXL345.o
                                                  build/main.o
ADXL345setSuppressBit                             build/ADXL345.o
ADXL345setTapDetectionOnX                         build/ADXL345.o
ADXL345setTapDetectionOnXYZ                       build/ADXL345.o
                                                  build/main.o
ADXL345setTapDetectionOnY                         build/ADXL345.o
ADXL345setTapDetectionOnZ                         build/ADXL345.o
ADXL345setTapDuration                             build/ADXL345.o